Archive member included because of file (symbol)

c:/program files (x86)/atmel/atmel toolchain/avr8 gcc/native/3.4.1056/avr8-gnu-toolchain/bin/../lib/gcc/avr/4.8.1/../../../../avr/lib/avrxmega6\libm.a(floatsisf.o)
                              mainTask.o (__floatunsisf)
c:/program files (x86)/atmel/atmel toolchain/avr8 gcc/native/3.4.1056/avr8-gnu-toolchain/bin/../lib/gcc/avr/4.8.1/../../../../avr/lib/avrxmega6\libm.a(mulsf3.o)
                              mainTask.o (__mulsf3)
c:/program files (x86)/atmel/atmel toolchain/avr8 gcc/native/3.4.1056/avr8-gnu-toolchain/bin/../lib/gcc/avr/4.8.1/../../../../avr/lib/avrxmega6\libm.a(mulsf3x.o)
                              c:/program files (x86)/atmel/atmel toolchain/avr8 gcc/native/3.4.1056/avr8-gnu-toolchain/bin/../lib/gcc/avr/4.8.1/../../../../avr/lib/avrxmega6\libm.a(mulsf3.o) (__mulsf3x)
c:/program files (x86)/atmel/atmel toolchain/avr8 gcc/native/3.4.1056/avr8-gnu-toolchain/bin/../lib/gcc/avr/4.8.1/../../../../avr/lib/avrxmega6\libm.a(fp_inf.o)
                              c:/program files (x86)/atmel/atmel toolchain/avr8 gcc/native/3.4.1056/avr8-gnu-toolchain/bin/../lib/gcc/avr/4.8.1/../../../../avr/lib/avrxmega6\libm.a(mulsf3x.o) (__fp_inf)
c:/program files (x86)/atmel/atmel toolchain/avr8 gcc/native/3.4.1056/avr8-gnu-toolchain/bin/../lib/gcc/avr/4.8.1/../../../../avr/lib/avrxmega6\libm.a(fp_nan.o)
                              c:/program files (x86)/atmel/atmel toolchain/avr8 gcc/native/3.4.1056/avr8-gnu-toolchain/bin/../lib/gcc/avr/4.8.1/../../../../avr/lib/avrxmega6\libm.a(mulsf3x.o) (__fp_nan)
c:/program files (x86)/atmel/atmel toolchain/avr8 gcc/native/3.4.1056/avr8-gnu-toolchain/bin/../lib/gcc/avr/4.8.1/../../../../avr/lib/avrxmega6\libm.a(fp_pscA.o)
                              c:/program files (x86)/atmel/atmel toolchain/avr8 gcc/native/3.4.1056/avr8-gnu-toolchain/bin/../lib/gcc/avr/4.8.1/../../../../avr/lib/avrxmega6\libm.a(mulsf3x.o) (__fp_pscA)
c:/program files (x86)/atmel/atmel toolchain/avr8 gcc/native/3.4.1056/avr8-gnu-toolchain/bin/../lib/gcc/avr/4.8.1/../../../../avr/lib/avrxmega6\libm.a(fp_pscB.o)
                              c:/program files (x86)/atmel/atmel toolchain/avr8 gcc/native/3.4.1056/avr8-gnu-toolchain/bin/../lib/gcc/avr/4.8.1/../../../../avr/lib/avrxmega6\libm.a(mulsf3x.o) (__fp_pscB)
c:/program files (x86)/atmel/atmel toolchain/avr8 gcc/native/3.4.1056/avr8-gnu-toolchain/bin/../lib/gcc/avr/4.8.1/../../../../avr/lib/avrxmega6\libm.a(fp_round.o)
                              c:/program files (x86)/atmel/atmel toolchain/avr8 gcc/native/3.4.1056/avr8-gnu-toolchain/bin/../lib/gcc/avr/4.8.1/../../../../avr/lib/avrxmega6\libm.a(mulsf3.o) (__fp_round)
c:/program files (x86)/atmel/atmel toolchain/avr8 gcc/native/3.4.1056/avr8-gnu-toolchain/bin/../lib/gcc/avr/4.8.1/../../../../avr/lib/avrxmega6\libm.a(fp_split3.o)
                              c:/program files (x86)/atmel/atmel toolchain/avr8 gcc/native/3.4.1056/avr8-gnu-toolchain/bin/../lib/gcc/avr/4.8.1/../../../../avr/lib/avrxmega6\libm.a(mulsf3x.o) (__fp_split3)
c:/program files (x86)/atmel/atmel toolchain/avr8 gcc/native/3.4.1056/avr8-gnu-toolchain/bin/../lib/gcc/avr/4.8.1/../../../../avr/lib/avrxmega6\libm.a(fp_zero.o)
                              c:/program files (x86)/atmel/atmel toolchain/avr8 gcc/native/3.4.1056/avr8-gnu-toolchain/bin/../lib/gcc/avr/4.8.1/../../../../avr/lib/avrxmega6\libm.a(mulsf3x.o) (__fp_szero)
c:/program files (x86)/atmel/atmel toolchain/avr8 gcc/native/3.4.1056/avr8-gnu-toolchain/bin/../lib/gcc/avr/4.8.1/../../../../avr/lib/avrxmega6\libprintf_flt.a(vfprintf_flt.o)
                              (vfprintf)
c:/program files (x86)/atmel/atmel toolchain/avr8 gcc/native/3.4.1056/avr8-gnu-toolchain/bin/../lib/gcc/avr/4.8.1/avrxmega6\libgcc.a(_divmodhi4.o)
                              libscp/src/csp_conn.o (__divmodhi4)
c:/program files (x86)/atmel/atmel toolchain/avr8 gcc/native/3.4.1056/avr8-gnu-toolchain/bin/../lib/gcc/avr/4.8.1/avrxmega6\libgcc.a(_exit.o)
                              c:/program files (x86)/atmel/atmel toolchain/avr8 gcc/native/3.4.1056/avr8-gnu-toolchain/bin/../lib/gcc/avr/4.8.1/../../../../avr/lib/avrxmega6/crtx128a3u.o (exit)
c:/program files (x86)/atmel/atmel toolchain/avr8 gcc/native/3.4.1056/avr8-gnu-toolchain/bin/../lib/gcc/avr/4.8.1/avrxmega6\libgcc.a(_tablejump.o)
                              libscp/src/arch/freertos/csp_system.o (__tablejump2__)
c:/program files (x86)/atmel/atmel toolchain/avr8 gcc/native/3.4.1056/avr8-gnu-toolchain/bin/../lib/gcc/avr/4.8.1/avrxmega6\libgcc.a(_copy_data.o)
                              FreeRTOS/Source/tasks.o (__do_copy_data)
c:/program files (x86)/atmel/atmel toolchain/avr8 gcc/native/3.4.1056/avr8-gnu-toolchain/bin/../lib/gcc/avr/4.8.1/avrxmega6\libgcc.a(_clear_bss.o)
                              cspTask.o (__do_clear_bss)
c:/program files (x86)/atmel/atmel toolchain/avr8 gcc/native/3.4.1056/avr8-gnu-toolchain/bin/../lib/gcc/avr/4.8.1/avrxmega6\libgcc.a(_umulhisi3.o)
[...]
Memory Configuration

Name             Origin             Length             Attributes
text             0x00000000         0x00100000         xr
data             0x00802000         0x0000ffa0         rw !x
eeprom           0x00810000         0x00010000         rw !x
fuse             0x00820000         0x00000400         rw !x
lock             0x00830000         0x00000400         rw !x
signature        0x00840000         0x00000400         rw !x
user_signatures  0x00850000         0x00000400         rw !x
*default*        0x00000000         0xffffffff

Linker script and memory map

LOAD c:/program files (x86)/atmel/atmel toolchain/avr8 gcc/native/3.4.1056/avr8-gnu-toolchain/bin/../lib/gcc/avr/4.8.1/../../../../avr/lib/avrxmega6/crtx128a3u.o
LOAD cspTask.o
LOAD csp_interface.o
LOAD FreeRTOS/Port/heap_1.o
LOAD FreeRTOS/Port/port.o
LOAD FreeRTOS/Source/croutine.o
LOAD FreeRTOS/Source/list.o
LOAD FreeRTOS/Source/queue.o
LOAD FreeRTOS/Source/tasks.o
LOAD FreeRTOS/Source/timers.o
LOAD libscp/src/arch/freertos/csp_malloc.o
LOAD libscp/src/arch/freertos/csp_queue.o
LOAD libscp/src/arch/freertos/csp_semaphore.o
LOAD libscp/src/arch/freertos/csp_system.o
LOAD libscp/src/arch/freertos/csp_thread.o
LOAD libscp/src/arch/freertos/csp_time.o
LOAD libscp/src/crypto/csp_hmac.o
LOAD libscp/src/crypto/csp_sha1.o
LOAD libscp/src/crypto/csp_xtea.o
LOAD libscp/src/csp_buffer.o
LOAD libscp/src/csp_conn.o
LOAD libscp/src/csp_crc32.o
LOAD libscp/src/csp_debug.o
LOAD libscp/src/csp_endian.o
LOAD libscp/src/csp_io.o
LOAD libscp/src/csp_port.o
LOAD libscp/src/csp_route.o
LOAD libscp/src/csp_services.o
LOAD libscp/src/csp_service_handler.o
LOAD libscp/src/csp_sfp.o
LOAD libscp/src/interfaces/csp_if_i2c.o
LOAD libscp/src/interfaces/csp_if_lo.o
LOAD libscp/src/transport/csp_rdp.o
LOAD libscp/src/transport/csp_udp.o
LOAD main.o
LOAD mainTask.o
LOAD MyDrivers/port_driver.o
LOAD MyDrivers/TC_driver.o
LOAD MyDrivers/twi_master_driver.o
LOAD MyDrivers/twi_slave_driver.o
LOAD MyDrivers/usart_driver_RTOS.o
LOAD system.o
LOAD src/ASF/common/services/clock/xmega/sysclk.o
LOAD src/ASF/common/services/ioport/xmega/ioport_compat.o
LOAD src/ASF/xmega/drivers/nvm/nvm.o
LOAD src/ASF/xmega/drivers/nvm/nvm_asm.o
LOAD src/ASF/xmega/drivers/cpu/ccp.o
START GROUP
LOAD c:/program files (x86)/atmel/atmel toolchain/avr8 gcc/native/3.4.1056/avr8-gnu-toolchain/bin/../lib/gcc/avr/4.8.1/../../../../avr/lib/avrxmega6\libm.a
LOAD c:/program files (x86)/atmel/atmel toolchain/avr8 gcc/native/3.4.1056/avr8-gnu-toolchain/bin/../lib/gcc/avr/4.8.1/../../../../avr/lib/avrxmega6\libprintf_flt.a
END GROUP
START GROUP
LOAD c:/program files (x86)/atmel/atmel toolchain/avr8 gcc/native/3.4.1056/avr8-gnu-toolchain/bin/../lib/gcc/avr/4.8.1/avrxmega6\libgcc.a
LOAD c:/program files (x86)/atmel/atmel toolchain/avr8 gcc/native/3.4.1056/avr8-gnu-toolchain/bin/../lib/gcc/avr/4.8.1/../../../../avr/lib/avrxmega6\libm.a
LOAD c:/program files (x86)/atmel/atmel toolchain/avr8 gcc/native/3.4.1056/avr8-gnu-toolchain/bin/../lib/gcc/avr/4.8.1/../../../../avr/lib/avrxmega6\libc.a
END GROUP

.hash
 *(.hash)

.dynsym
 *(.dynsym)

.dynstr
 *(.dynstr)

.gnu.version
 *(.gnu.version)

.gnu.version_d
 *(.gnu.version_d)

.gnu.version_r
 *(.gnu.version_r)

.rel.init
 *(.rel.init)

.rela.init
 *(.rela.init)

.rel.text
 *(.rel.text)
 *(.rel.text.*)
 *(.rel.gnu.linkonce.t*)

.rela.text
 *(.rela.text)
 *(.rela.text.*)
 *(.rela.gnu.linkonce.t*)

.rel.fini
 *(.rel.fini)

.rela.fini
 *(.rela.fini)

.rel.rodata
 *(.rel.rodata)
 *(.rel.rodata.*)
 *(.rel.gnu.linkonce.r*)

.rela.rodata
 *(.rela.rodata)
 *(.rela.rodata.*)
 *(.rela.gnu.linkonce.r*)

.rel.data
 *(.rel.data)
 *(.rel.data.*)
 *(.rel.gnu.linkonce.d*)

.rela.data
 *(.rela.data)
 *(.rela.data.*)
 *(.rela.gnu.linkonce.d*)

.rel.ctors
 *(.rel.ctors)

.rela.ctors
 *(.rela.ctors)

.rel.dtors
 *(.rel.dtors)

.rela.dtors
 *(.rela.dtors)

.rel.got
 *(.rel.got)

.rela.got
 *(.rela.got)

.rel.bss
 *(.rel.bss)

.rela.bss
 *(.rela.bss)

.rel.plt
 *(.rel.plt)

.rela.plt
 *(.rela.plt)

.text           0x00000000     0x5db6
 *(.vectors)
 .vectors       0x00000000      0x1fc c:/program files (x86)/atmel/atmel toolchain/avr8 gcc/native/3.4.1056/avr8-gnu-toolchain/bin/../lib/gcc/avr/4.8.1/../../../../avr/lib/avrxmega6/crtx128a3u.o
                0x00000000                __vector_default
                0x00000000                __vectors
 *(.vectors)
 *(.progmem.gcc*)
 .progmem.gcc_sw_table.csp_service_handler
                0x000001fc        0xe libscp/src/csp_service_handler.o
                0x0000020a                . = ALIGN (0x2)
                0x0000020a                __trampolines_start = .
 *(.trampolines)
 .trampolines   0x0000020a        0x0 linker stubs
 *(.trampolines*)
                0x0000020a                __trampolines_end = .
 *(.progmem*)
 .progmem.data.crc_tab
                0x0000020a      0x400 libscp/src/csp_crc32.o
 .progmem.data  0x0000060a        0x8 c:/program files (x86)/atmel/atmel toolchain/avr8 gcc/native/3.4.1056/avr8-gnu-toolchain/bin/../lib/gcc/avr/4.8.1/../../../../avr/lib/avrxmega6\libprintf_flt.a(vfprintf_flt.o)
 .progmem.data  0x00000612       0xfa c:/program files (x86)/atmel/atmel toolchain/avr8 gcc/native/3.4.1056/avr8-gnu-toolchain/bin/../lib/gcc/avr/4.8.1/../../../../avr/lib/avrxmega6\libc.a(ftoa_engine.o)
                0x0000070c                . = ALIGN (0x2)
 *(.jumptables)
 *(.jumptables*)
 *(.lowtext)
 *(.lowtext*)
                0x0000070c                __ctors_start = .
 *(.ctors)
                0x0000070c                __ctors_end = .
                0x0000070c                __dtors_start = .
 *(.dtors)
                0x0000070c                __dtors_end = .
 SORT(*)(.ctors)
 SORT(*)(.dtors)
 *(.init0)
 .init0         0x0000070c        0x0 c:/program files (x86)/atmel/atmel toolchain/avr8 gcc/native/3.4.1056/avr8-gnu-toolchain/bin/../lib/gcc/avr/4.8.1/../../../../avr/lib/avrxmega6/crtx128a3u.o
                0x0000070c                __init
 *(.init0)
 *(.init1)
 *(.init1)
 *(.init2)
 .init2         0x0000070c       0x10 c:/program files (x86)/atmel/atmel toolchain/avr8 gcc/native/3.4.1056/avr8-gnu-toolchain/bin/../lib/gcc/avr/4.8.1/../../../../avr/lib/avrxmega6/crtx128a3u.o
 *(.init2)
 *(.init3)
 *(.init3)
 *(.init4)
 .init4         0x0000071c       0x1a c:/program files (x86)/atmel/atmel toolchain/avr8 gcc/native/3.4.1056/avr8-gnu-toolchain/bin/../lib/gcc/avr/4.8.1/avrxmega6\libgcc.a(_copy_data.o)
                0x0000071c                __do_copy_data
 .init4         0x00000736       0x10 c:/program files (x86)/atmel/atmel toolchain/avr8 gcc/native/3.4.1056/avr8-gnu-toolchain/bin/../lib/gcc/avr/4.8.1/avrxmega6\libgcc.a(_clear_bss.o)
                0x00000736                __do_clear_bss
 *(.init4)
 *(.init5)
 *(.init5)
 *(.init6)
 *(.init6)
 *(.init7)
 *(.init7)
 *(.init8)
 *(.init8)
 *(.init9)
 .init9         0x00000746        0x8 c:/program files (x86)/atmel/atmel toolchain/avr8 gcc/native/3.4.1056/avr8-gnu-toolchain/bin/../lib/gcc/avr/4.8.1/../../../../avr/lib/avrxmega6/crtx128a3u.o
 *(.init9)
 *(.text)
 .text          0x0000074e        0x2 c:/program files (x86)/atmel/atmel toolchain/avr8 gcc/native/3.4.1056/avr8-gnu-toolchain/bin/../lib/gcc/avr/4.8.1/../../../../avr/lib/avrxmega6/crtx128a3u.o
                0x0000074e                __vector_38
                0x0000074e                __vector_104
                0x0000074e                __vector_22
                0x0000074e                __vector_63
                0x0000074e                __vector_28
                0x0000074e                __vector_67
                0x0000074e                __vector_1
                0x0000074e                __vector_32
                0x0000074e                __vector_75
                0x0000074e                __vector_71
                0x0000074e                __vector_91
                0x0000074e                __vector_34
                0x0000074e                __vector_62
                0x0000074e                __vector_77
                0x0000074e                __vector_102
                0x0000074e                __vector_24
                0x0000074e                __vector_12
                0x0000074e                __vector_55
                0x0000074e                __vector_69
                0x0000074e                __vector_81
                0x0000074e                __vector_90
                0x0000074e                __bad_interrupt
                0x0000074e                __vector_122
                0x0000074e                __vector_72
                0x0000074e                __vector_114
                0x0000074e                __vector_6
                0x0000074e                __vector_110
                0x0000074e                __vector_31
                0x0000074e                __vector_92
                0x0000074e                __vector_35
                0x0000074e                __vector_78
                0x0000074e                __vector_74
                0x0000074e                __vector_117
                0x0000074e                __vector_39
                0x0000074e                __vector_107
                0x0000074e                __vector_3
                0x0000074e                __vector_105
                0x0000074e                __vector_98
                0x0000074e                __vector_23
                0x0000074e                __vector_68
                0x0000074e                __vector_30
                0x0000074e                __vector_73
                0x0000074e                __vector_93
                0x0000074e                __vector_61
                0x0000074e                __vector_11
                0x0000074e                __vector_54
                0x0000074e                __vector_99
                0x0000074e                __vector_13
                0x0000074e                __vector_17
                0x0000074e                __vector_19
                0x0000074e                __vector_56
                0x0000074e                __vector_7
                0x0000074e                __vector_125
                0x0000074e                __vector_49
                0x0000074e                __vector_123
                0x0000074e                __vector_41
                0x0000074e                __vector_86
                0x0000074e                __vector_100
                0x0000074e                __vector_101
                0x0000074e                __vector_64
                0x0000074e                __vector_109
                0x0000074e                __vector_43
                0x0000074e                __vector_27
                0x0000074e                __vector_5
                0x0000074e                __vector_113
                0x0000074e                __vector_33
                0x0000074e                __vector_76
                0x0000074e                __vector_115
                0x0000074e                __vector_47
                0x0000074e                __vector_52
                0x0000074e                __vector_37
                0x0000074e                __vector_95
                0x0000074e                __vector_103
                0x0000074e                __vector_96
                0x0000074e                __vector_108
                0x0000074e                __vector_4
                0x0000074e                __vector_44
                0x0000074e                __vector_82
                0x0000074e                __vector_106
                0x0000074e                __vector_118
                0x0000074e                __vector_51
                0x0000074e                __vector_9
                0x0000074e                __vector_2
                0x0000074e                __vector_21
                0x0000074e                __vector_15
                0x0000074e                __vector_66
                0x0000074e                __vector_36
                0x0000074e                __vector_79
                0x0000074e                __vector_70
                0x0000074e                __vector_83
                0x0000074e                __vector_29
                0x0000074e                __vector_60
                0x0000074e                __vector_121
                0x0000074e                __vector_40
                0x0000074e                __vector_85
                0x0000074e                __vector_94
                0x0000074e                __vector_126
                0x0000074e                __vector_8
                0x0000074e                __vector_48
                0x0000074e                __vector_124
                0x0000074e                __vector_116
                0x0000074e                __vector_112
                0x0000074e                __vector_111
                0x0000074e                __vector_80
                0x0000074e                __vector_84
                0x0000074e                __vector_57
                0x0000074e                __vector_53
                0x0000074e                __vector_10
                0x0000074e                __vector_50
                0x0000074e                __vector_16
                0x0000074e                __vector_18
                0x0000074e                __vector_97
                0x0000074e                __vector_42
                0x0000074e                __vector_87
                0x0000074e                __vector_65
                0x00000750                . = ALIGN (0x2)
 *(.text.*)
 .text.cspTask  0x00000750      0x110 cspTask.o
                0x00000750                cspTask
 .text.TWI_CSP_SlaveProcessData
                0x00000860       0x78 csp_interface.o
                0x00000860                TWI_CSP_SlaveProcessData
 .text.i2c_init
                0x000008d8       0x46 csp_interface.o
                0x000008d8                i2c_init
 .text.i2c_send
                0x0000091e       0x24 csp_interface.o
                0x0000091e                i2c_send
 .text.clock_get_time
                0x00000942        0x2 csp_interface.o
                0x00000942                clock_get_time
 .text.clock_set_time
                0x00000944        0x2 csp_interface.o
                0x00000944                clock_set_time
 .text.__vector_46
                0x00000946       0x54 csp_interface.o
                0x00000946                __vector_46
 .text.__vector_45
                0x0000099a       0x54 csp_interface.o
                0x0000099a                __vector_45
 .text.pvPortMalloc
                0x000009ee       0x48 FreeRTOS/Port/heap_1.o
                0x000009ee                pvPortMalloc
 .text.vPortFree
                0x00000a36        0x2 FreeRTOS/Port/heap_1.o
                0x00000a36                vPortFree
 .text.xPortGetFreeHeapSize
                0x00000a38       0x12 FreeRTOS/Port/heap_1.o
                0x00000a38                xPortGetFreeHeapSize
 .text.pxPortInitialiseStack
                0x00000a4a       0xdc FreeRTOS/Port/port.o
                0x00000a4a                pxPortInitialiseStack
 .text.xPortStartScheduler
                0x00000b26       0x84 FreeRTOS/Port/port.o
                0x00000b26                xPortStartScheduler
 .text.vPortYield
                0x00000baa       0xb0 FreeRTOS/Port/port.o
                0x00000baa                vPortYield
 .text.__vector_14
                0x00000c5a       0xb2 FreeRTOS/Port/port.o
                0x00000c5a                __vector_14
 .text.vListInitialise
                0x00000d0c       0x1c FreeRTOS/Source/list.o
                0x00000d0c                vListInitialise
 .text.vListInitialiseItem
                0x00000d28        0x8 FreeRTOS/Source/list.o
                0x00000d28                vListInitialiseItem
 .text.vListInsertEnd
                0x00000d30       0x4e FreeRTOS/Source/list.o
                0x00000d30                vListInsertEnd
 .text.vListInsert
                0x00000d7e       0x76 FreeRTOS/Source/list.o
                0x00000d7e                vListInsert
 .text.vListRemove
                0x00000df4       0x4c FreeRTOS/Source/list.o
                0x00000df4                vListRemove
 .text.prvCopyDataToQueue
                0x00000e40       0x98 FreeRTOS/Source/queue.o
 .text.prvCopyDataFromQueue
                0x00000ed8       0x34 FreeRTOS/Source/queue.o
 .text.prvUnlockQueue
                0x00000f0c       0x88 FreeRTOS/Source/queue.o
 .text.xQueueCreate
                0x00000f94       0x98 FreeRTOS/Source/queue.o
                0x00000f94                xQueueCreate
 .text.xQueueGenericSend
                0x0000102c      0x110 FreeRTOS/Source/queue.o
                0x0000102c                xQueueGenericSend
 .text.xQueueCreateMutex
                0x0000113c       0x50 FreeRTOS/Source/queue.o
                0x0000113c                xQueueCreateMutex
 .text.xQueueGenericSendFromISR
                0x0000118c       0x54 FreeRTOS/Source/queue.o
                0x0000118c                xQueueGenericSendFromISR
 .text.xQueueGenericReceive
                0x000011e0      0x15c FreeRTOS/Source/queue.o
                0x000011e0                xQueueGenericReceive
 .text.xQueueReceiveFromISR
                0x0000133c       0x56 FreeRTOS/Source/queue.o
                0x0000133c                xQueueReceiveFromISR
 .text.uxQueueMessagesWaiting
                0x00001392       0x10 FreeRTOS/Source/queue.o
                0x00001392                uxQueueMessagesWaiting
 .text.vQueueWaitForMessageRestricted
                0x000013a2       0x36 FreeRTOS/Source/queue.o
                0x000013a2                vQueueWaitForMessageRestricted
 .text.prvIdleTask
                0x000013d8        0xe FreeRTOS/Source/tasks.o
 .text.prvAddCurrentTaskToDelayedList
                0x000013e6       0x6a FreeRTOS/Source/tasks.o
 .text.prvListTaskWithinSingleList
                0x00001450      0x13a FreeRTOS/Source/tasks.o
 .text.xTaskGenericCreate
                0x0000158a      0x1ce FreeRTOS/Source/tasks.o
                0x0000158a                xTaskGenericCreate
 .text.vTaskStartScheduler
                0x00001758       0x58 FreeRTOS/Source/tasks.o
                0x00001758                vTaskStartScheduler
 .text.vTaskSuspendAll
                0x000017b0        0xc FreeRTOS/Source/tasks.o
                0x000017b0                vTaskSuspendAll
 .text.xTaskGetTickCount
                0x000017bc       0x14 FreeRTOS/Source/tasks.o
                0x000017bc                xTaskGetTickCount
 .text.uxTaskGetNumberOfTasks
                0x000017d0        0x6 FreeRTOS/Source/tasks.o
                0x000017d0                uxTaskGetNumberOfTasks
 .text.vTaskIncrementTick
                0x000017d6      0x182 FreeRTOS/Source/tasks.o
                0x000017d6                vTaskIncrementTick
 .text.xTaskResumeAll
                0x00001958      0x110 FreeRTOS/Source/tasks.o
                0x00001958                xTaskResumeAll
 .text.vTaskDelay
                0x00001a68       0x36 FreeRTOS/Source/tasks.o
                0x00001a68                vTaskDelay
 .text.vTaskList
                0x00001a9e       0xaa FreeRTOS/Source/tasks.o
                0x00001a9e                vTaskList
 .text.vTaskSwitchContext
                0x00001b48      0x15c FreeRTOS/Source/tasks.o
                0x00001b48                vTaskSwitchContext
 .text.vTaskPlaceOnEventList
                0x00001ca4       0x50 FreeRTOS/Source/tasks.o
                0x00001ca4                vTaskPlaceOnEventList
 .text.vTaskPlaceOnEventListRestricted
                0x00001cf4       0x34 FreeRTOS/Source/tasks.o
                0x00001cf4                vTaskPlaceOnEventListRestricted
 .text.xTaskRemoveFromEventList
                0x00001d28       0x86 FreeRTOS/Source/tasks.o
                0x00001d28                xTaskRemoveFromEventList
 .text.vTaskSetTimeOutState
                0x00001dae       0x16 FreeRTOS/Source/tasks.o
                0x00001dae                vTaskSetTimeOutState
 .text.xTaskCheckForTimeOut
                0x00001dc4       0x7c FreeRTOS/Source/tasks.o
                0x00001dc4                xTaskCheckForTimeOut
 .text.vTaskMissedYield
                0x00001e40        0x8 FreeRTOS/Source/tasks.o
                0x00001e40                vTaskMissedYield
 .text.xTaskGetCurrentTaskHandle
                0x00001e48        0xa FreeRTOS/Source/tasks.o
                0x00001e48                xTaskGetCurrentTaskHandle
 .text.xTaskGetSchedulerState
                0x00001e52       0x1c FreeRTOS/Source/tasks.o
                0x00001e52                xTaskGetSchedulerState
 .text.vTaskPriorityInherit
                0x00001e6e       0xae FreeRTOS/Source/tasks.o
                0x00001e6e                vTaskPriorityInherit
 .text.vTaskPriorityDisinherit
                0x00001f1c       0x66 FreeRTOS/Source/tasks.o
                0x00001f1c                vTaskPriorityDisinherit
 .text.prvInsertTimerInActiveList
                0x00001f82       0x5e FreeRTOS/Source/timers.o
 .text.prvCheckForValidListAndQueue
                0x00001fe0       0x50 FreeRTOS/Source/timers.o
 .text.xTimerCreateTimerTask
                0x00002030       0x50 FreeRTOS/Source/timers.o
                0x00002030                xTimerCreateTimerTask
 .text.xTimerGenericCommand
                0x00002080       0x88 FreeRTOS/Source/timers.o
                0x00002080                xTimerGenericCommand
 .text.prvSampleTimeNow
                0x00002108       0xe0 FreeRTOS/Source/timers.o
 .text.prvTimerTask
                0x000021e8      0x19a FreeRTOS/Source/timers.o
 .text.csp_malloc
                0x00002382        0x6 libscp/src/arch/freertos/csp_malloc.o
                0x00002382                csp_malloc
 .text.csp_free
                0x00002388        0x6 libscp/src/arch/freertos/csp_malloc.o
                0x00002388                csp_free
 .text.csp_queue_create
                0x0000238e        0x6 libscp/src/arch/freertos/csp_queue.o
                0x0000238e                csp_queue_create
 .text.csp_queue_enqueue
                0x00002394       0x16 libscp/src/arch/freertos/csp_queue.o
                0x00002394                csp_queue_enqueue
 .text.csp_queue_enqueue_isr
                0x000023aa        0xe libscp/src/arch/freertos/csp_queue.o
                0x000023aa                csp_queue_enqueue_isr
 .text.csp_queue_dequeue
                0x000023b8       0x16 libscp/src/arch/freertos/csp_queue.o
                0x000023b8                csp_queue_dequeue
 .text.csp_queue_size
                0x000023ce        0x8 libscp/src/arch/freertos/csp_queue.o
                0x000023ce                csp_queue_size
 .text.csp_mutex_create
                0x000023d6       0x22 libscp/src/arch/freertos/csp_semaphore.o
                0x000023d6                csp_mutex_create
 .text.csp_bin_sem_create
                0x000023f8       0x2e libscp/src/arch/freertos/csp_semaphore.o
                0x000023f8                csp_bin_sem_create
 .text.csp_bin_sem_wait
                0x00002426       0x20 libscp/src/arch/freertos/csp_semaphore.o
                0x00002426                csp_bin_sem_wait
 .text.csp_bin_sem_post
                0x00002446       0x24 libscp/src/arch/freertos/csp_semaphore.o
                0x00002446                csp_bin_sem_post
 .text.csp_sys_tasklist
                0x0000246a        0x8 libscp/src/arch/freertos/csp_system.o
                0x0000246a                csp_sys_tasklist
 .text.csp_sys_tasklist_size
                0x00002472        0xc libscp/src/arch/freertos/csp_system.o
                0x00002472                csp_sys_tasklist_size
 .text.csp_sys_memfree
                0x0000247e       0xae libscp/src/arch/freertos/csp_system.o
                0x0000247e                csp_sys_memfree
 .text.csp_sys_reboot
                0x0000252c       0x24 libscp/src/arch/freertos/csp_system.o
                0x0000252c                csp_sys_reboot
 .text.csp_thread_create
                0x00002550       0x3c libscp/src/arch/freertos/csp_thread.o
                0x00002550                csp_thread_create
 .text.csp_get_ms
                0x0000258c        0xa libscp/src/arch/freertos/csp_time.o
                0x0000258c                csp_get_ms
 .text.csp_get_s
                0x00002596       0x2c libscp/src/arch/freertos/csp_time.o
                0x00002596                csp_get_s
 .text.csp_buffer_init
                0x000025c2      0x114 libscp/src/csp_buffer.o
                0x000025c2                csp_buffer_init
 .text.csp_buffer_get
                0x000026d6       0x74 libscp/src/csp_buffer.o
                0x000026d6                csp_buffer_get
 .text.csp_buffer_free_isr
                0x0000274a       0x70 libscp/src/csp_buffer.o
                0x0000274a                csp_buffer_free_isr
 .text.csp_buffer_free
                0x000027ba       0x6e libscp/src/csp_buffer.o
                0x000027ba                csp_buffer_free
 .text.csp_buffer_remaining
                0x00002828        0xc libscp/src/csp_buffer.o
                0x00002828                csp_buffer_remaining
 .text.csp_conn_enqueue_packet
                0x00002834       0x4c libscp/src/csp_conn.o
                0x00002834                csp_conn_enqueue_packet
 .text.csp_conn_init
                0x00002880       0x94 libscp/src/csp_conn.o
                0x00002880                csp_conn_init
 .text.csp_conn_find
                0x00002914       0x6c libscp/src/csp_conn.o
                0x00002914                csp_conn_find
 .text.csp_conn_flush_rx_queue
                0x00002980       0x48 libscp/src/csp_conn.o
                0x00002980                csp_conn_flush_rx_queue
 .text.csp_conn_allocate
                0x000029c8       0xcc libscp/src/csp_conn.o
                0x000029c8                csp_conn_allocate
 .text.csp_conn_new
                0x00002a94       0x5c libscp/src/csp_conn.o
                0x00002a94                csp_conn_new
 .text.csp_close
                0x00002af0       0x4a libscp/src/csp_conn.o
                0x00002af0                csp_close
 .text.csp_conn_dport
                0x00002b3a       0x1a libscp/src/csp_conn.o
                0x00002b3a                csp_conn_dport
 .text.csp_crc32_memory
                0x00002b54       0xa4 libscp/src/csp_crc32.o
                0x00002b54                csp_crc32_memory
 .text.csp_crc32_append
                0x00002bf8       0x42 libscp/src/csp_crc32.o
                0x00002bf8                csp_crc32_append
 .text.csp_crc32_verify
                0x00002c3a       0x92 libscp/src/csp_crc32.o
                0x00002c3a                csp_crc32_verify
 .text.csp_hton32
                0x00002ccc       0x6a libscp/src/csp_endian.o
                0x00002ccc                csp_hton32
 .text.csp_ntoh32
                0x00002d36       0x6a libscp/src/csp_endian.o
                0x00002d36                csp_ntoh32
 .text.csp_get_hostname
                0x00002da0        0xa libscp/src/csp_io.o
                0x00002da0                csp_get_hostname
 .text.csp_get_model
                0x00002daa        0xa libscp/src/csp_io.o
                0x00002daa                csp_get_model
 .text.csp_init
                0x00002db4       0x20 libscp/src/csp_io.o
                0x00002db4                csp_init
 .text.csp_socket
                0x00002dd4       0x8c libscp/src/csp_io.o
                0x00002dd4                csp_socket
 .text.csp_accept
                0x00002e60       0x4a libscp/src/csp_io.o
                0x00002e60                csp_accept
 .text.csp_read
                0x00002eaa       0x50 libscp/src/csp_io.o
                0x00002eaa                csp_read
 .text.csp_send_direct
                0x00002efa      0x154 libscp/src/csp_io.o
                0x00002efa                csp_send_direct
 .text.csp_send
                0x0000304e       0x54 libscp/src/csp_io.o
                0x0000304e                csp_send
 .text.csp_sendto
                0x000030a2       0xe2 libscp/src/csp_io.o
                0x000030a2                csp_sendto
 .text.csp_port_get_socket
                0x00003184       0x4e libscp/src/csp_port.o
                0x00003184                csp_port_get_socket
 .text.csp_port_init
                0x000031d2       0x14 libscp/src/csp_port.o
                0x000031d2                csp_port_init
 .text.csp_listen
                0x000031e6       0x36 libscp/src/csp_port.o
                0x000031e6                csp_listen
 .text.csp_bind
                0x0000321c       0x4e libscp/src/csp_port.o
                0x0000321c                csp_bind
 .text.csp_route_security_check
                0x0000326a       0x8a libscp/src/csp_route.o
 .text.csp_route_next_packet
                0x000032f4       0x24 libscp/src/csp_route.o
                0x000032f4                csp_route_next_packet
 .text.csp_route_start_task
                0x00003318       0x44 libscp/src/csp_route.o
                0x00003318                csp_route_start_task
 .text.csp_route_get_if_by_name
                0x0000335c       0x3e libscp/src/csp_route.o
                0x0000335c                csp_route_get_if_by_name
 .text.csp_route_add_if
                0x0000339a       0x52 libscp/src/csp_route.o
                0x0000339a                csp_route_add_if
 .text.csp_route_set
                0x000033ec       0x4c libscp/src/csp_route.o
                0x000033ec                csp_route_set
 .text.csp_route_table_init
                0x00003438       0x54 libscp/src/csp_route.o
                0x00003438                csp_route_table_init
 .text.csp_route_if
                0x0000348c       0x34 libscp/src/csp_route.o
                0x0000348c                csp_route_if
 .text.csp_task_router
                0x000034c0      0x25e libscp/src/csp_route.o
                0x000034c0                csp_task_router
 .text.csp_route_enqueue
                0x0000371e       0x2a libscp/src/csp_route.o
                0x0000371e                csp_route_enqueue
 .text.csp_new_packet
                0x00003748       0xe4 libscp/src/csp_route.o
                0x00003748                csp_new_packet
 .text.csp_route_get_nexthop_mac
                0x0000382c        0x8 libscp/src/csp_route.o
                0x0000382c                csp_route_get_nexthop_mac
 .text.csp_cmp_handler
                0x00003834      0x2c8 libscp/src/csp_service_handler.o
                0x00003834                csp_cmp_handler
 .text.csp_service_handler
                0x00003afc      0x17a libscp/src/csp_service_handler.o
                0x00003afc                csp_service_handler
 .text.csp_i2c_tx
                0x00003c76       0x9a libscp/src/interfaces/csp_if_i2c.o
                0x00003c76                csp_i2c_tx
 .text.csp_i2c_rx
                0x00003d10       0x78 libscp/src/interfaces/csp_if_i2c.o
                0x00003d10                csp_i2c_rx
 .text.csp_i2c_init
                0x00003d88       0x58 libscp/src/interfaces/csp_if_i2c.o
                0x00003d88                csp_i2c_init
 .text.csp_lo_tx
                0x00003de0       0x12 libscp/src/interfaces/csp_if_lo.o
                0x00003de0                csp_lo_tx
 .text.csp_udp_new_packet
                0x00003df2       0x66 libscp/src/transport/csp_udp.o
                0x00003df2                csp_udp_new_packet
 .text.blink    0x00003e58       0x12 main.o
                0x00003e58                blink
 .text.main     0x00003e6a       0xa4 main.o
                0x00003e6a                main
 .text.sendFreeHeapSpace
                0x00003f0e       0xd0 mainTask.o
                0x00003f0e                sendFreeHeapSpace
 .text.houseKeeping
                0x00003fde      0x164 mainTask.o
                0x00003fde                houseKeeping
 .text.echoBack
                0x00004142       0x78 mainTask.o
                0x00004142                echoBack
 .text.AdcConvert
                0x000041ba      0x120 mainTask.o
                0x000041ba                AdcConvert
 .text.mainTask
                0x000042da       0x68 mainTask.o
                0x000042da                mainTask
 .text.TC0_ConfigClockSource
                0x00004342        0xc MyDrivers/TC_driver.o
                0x00004342                TC0_ConfigClockSource
 .text.TC1_ConfigClockSource
                0x0000434e        0xc MyDrivers/TC_driver.o
                0x0000434e                TC1_ConfigClockSource
 .text.TC0_SetOverflowIntLevel
                0x0000435a        0xc MyDrivers/TC_driver.o
                0x0000435a                TC0_SetOverflowIntLevel
 .text.TC1_SetOverflowIntLevel
                0x00004366        0xc MyDrivers/TC_driver.o
                0x00004366                TC1_SetOverflowIntLevel
 .text.TWI_MasterInit
                0x00004372       0x22 MyDrivers/twi_master_driver.o
                0x00004372                TWI_MasterInit
 .text.TWI_MasterWriteRead
                0x00004394       0xc0 MyDrivers/twi_master_driver.o
                0x00004394                TWI_MasterWriteRead
 .text.TWI_MasterWrite
                0x00004454        0xa MyDrivers/twi_master_driver.o
                0x00004454                TWI_MasterWrite
 .text.TWI_MasterArbitrationLostBusErrorHandler
                0x0000445e       0x30 MyDrivers/twi_master_driver.o
                0x0000445e                TWI_MasterArbitrationLostBusErrorHandler
 .text.TWI_MasterWriteHandler
                0x0000448e       0x80 MyDrivers/twi_master_driver.o
                0x0000448e                TWI_MasterWriteHandler
 .text.TWI_MasterReadHandler
                0x0000450e       0x7e MyDrivers/twi_master_driver.o
                0x0000450e                TWI_MasterReadHandler
 .text.TWI_MasterInterruptHandler
                0x0000458c       0x32 MyDrivers/twi_master_driver.o
                0x0000458c                TWI_MasterInterruptHandler
 .text.TWI_SlaveInitializeDriver
                0x000045be       0x22 MyDrivers/twi_slave_driver.o
                0x000045be                TWI_SlaveInitializeDriver
 .text.TWI_SlaveInitializeModule
                0x000045e0       0x16 MyDrivers/twi_slave_driver.o
                0x000045e0                TWI_SlaveInitializeModule
 .text.TWI_SlaveTransactionFinished
                0x000045f6       0x1a MyDrivers/twi_slave_driver.o
                0x000045f6                TWI_SlaveTransactionFinished
 .text.TWI_SlaveAddressMatchHandler
                0x00004610       0x5a MyDrivers/twi_slave_driver.o
                0x00004610                TWI_SlaveAddressMatchHandler
 .text.TWI_SlaveStopHandler
                0x0000466a       0x1e MyDrivers/twi_slave_driver.o
                0x0000466a                TWI_SlaveStopHandler
 .text.TWI_SlaveReadHandler
                0x00004688       0x74 MyDrivers/twi_slave_driver.o
                0x00004688                TWI_SlaveReadHandler
 .text.TWI_SlaveWriteHandler
                0x000046fc       0x6e MyDrivers/twi_slave_driver.o
                0x000046fc                TWI_SlaveWriteHandler
 .text.TWI_SlaveDataHandler
                0x0000476a       0x14 MyDrivers/twi_slave_driver.o
                0x0000476a                TWI_SlaveDataHandler
 .text.TWI_SlaveInterruptHandler
                0x0000477e       0x66 MyDrivers/twi_slave_driver.o
                0x0000477e                TWI_SlaveInterruptHandler
 .text.__vector_25
                0x000047e4       0x90 MyDrivers/usart_driver_RTOS.o
                0x000047e4                __vector_25
 .text.__vector_88
                0x00004874       0x90 MyDrivers/usart_driver_RTOS.o
                0x00004874                __vector_88
 .text.__vector_58
                0x00004904       0x90 MyDrivers/usart_driver_RTOS.o
                0x00004904                __vector_58
 .text.__vector_119
                0x00004994       0x90 MyDrivers/usart_driver_RTOS.o
                0x00004994                __vector_119
 .text.__vector_26
                0x00004a24       0xa6 MyDrivers/usart_driver_RTOS.o
                0x00004a24                __vector_26
 .text.__vector_89
                0x00004aca       0xa6 MyDrivers/usart_driver_RTOS.o
                0x00004aca                __vector_89
 .text.__vector_59
                0x00004b70       0xa6 MyDrivers/usart_driver_RTOS.o
                0x00004b70                __vector_59
 .text.__vector_120
                0x00004c16       0xa6 MyDrivers/usart_driver_RTOS.o
                0x00004c16                __vector_120
 .text.boardInit
                0x00004cbc       0xaa system.o
                0x00004cbc                boardInit
 .text.__vector_20
                0x00004d66       0xea system.o
                0x00004d66                __vector_20
 .text.sysclk_init
                0x00004e50       0x4e src/ASF/common/services/clock/xmega/sysclk.o
                0x00004e50                sysclk_init
 .text.sysclk_enable_module
                0x00004e9e       0x18 src/ASF/common/services/clock/xmega/sysclk.o
                0x00004e9e                sysclk_enable_module
 .text.ccp_write_io
                0x00004eb6        0xc src/ASF/xmega/drivers/cpu/ccp.o
                0x00004eb6                ccp_write_io
 .text.avr-libc.fplib
                0x00004ec2       0x7a c:/program files (x86)/atmel/atmel toolchain/avr8 gcc/native/3.4.1056/avr8-gnu-toolchain/bin/../lib/gcc/avr/4.8.1/../../../../avr/lib/avrxmega6\libm.a(floatsisf.o)
                0x00004ec2                __floatunsisf
                0x00004ec6                __floatsisf
 .text.avr-libc.fplib
                0x00004f3c        0x4 c:/program files (x86)/atmel/atmel toolchain/avr8 gcc/native/3.4.1056/avr8-gnu-toolchain/bin/../lib/gcc/avr/4.8.1/../../../../avr/lib/avrxmega6\libm.a(mulsf3.o)
                0x00004f3c                __mulsf3
 .text.avr-libc.fplib
                0x00004f40       0xc2 c:/program files (x86)/atmel/atmel toolchain/avr8 gcc/native/3.4.1056/avr8-gnu-toolchain/bin/../lib/gcc/avr/4.8.1/../../../../avr/lib/avrxmega6\libm.a(mulsf3x.o)
                0x00004f54                __mulsf3x
                0x00004f58                __mulsf3_pse
 .text.avr-libc.fplib
                0x00005002        0xc c:/program files (x86)/atmel/atmel toolchain/avr8 gcc/native/3.4.1056/avr8-gnu-toolchain/bin/../lib/gcc/avr/4.8.1/../../../../avr/lib/avrxmega6\libm.a(fp_inf.o)
                0x00005002                __fp_inf
 .text.avr-libc.fplib
                0x0000500e        0x6 c:/program files (x86)/atmel/atmel toolchain/avr8 gcc/native/3.4.1056/avr8-gnu-toolchain/bin/../lib/gcc/avr/4.8.1/../../../../avr/lib/avrxmega6\libm.a(fp_nan.o)
                0x0000500e                __fp_nan
 .text.avr-libc.fplib
                0x00005014        0xe c:/program files (x86)/atmel/atmel toolchain/avr8 gcc/native/3.4.1056/avr8-gnu-toolchain/bin/../lib/gcc/avr/4.8.1/../../../../avr/lib/avrxmega6\libm.a(fp_pscA.o)
                0x00005014                __fp_pscA
 .text.avr-libc.fplib
                0x00005022        0xe c:/program files (x86)/atmel/atmel toolchain/avr8 gcc/native/3.4.1056/avr8-gnu-toolchain/bin/../lib/gcc/avr/4.8.1/../../../../avr/lib/avrxmega6\libm.a(fp_pscB.o)
                0x00005022                __fp_pscB
 .text.avr-libc.fplib
                0x00005030       0x22 c:/program files (x86)/atmel/atmel toolchain/avr8 gcc/native/3.4.1056/avr8-gnu-toolchain/bin/../lib/gcc/avr/4.8.1/../../../../avr/lib/avrxmega6\libm.a(fp_round.o)
                0x00005030                __fp_round
 .text.avr-libc.fplib
                0x00005052       0x44 c:/program files (x86)/atmel/atmel toolchain/avr8 gcc/native/3.4.1056/avr8-gnu-toolchain/bin/../lib/gcc/avr/4.8.1/../../../../avr/lib/avrxmega6\libm.a(fp_split3.o)
                0x00005052                __fp_split3
                0x00005062                __fp_splitA
 .text.avr-libc.fplib
                0x00005096        0xe c:/program files (x86)/atmel/atmel toolchain/avr8 gcc/native/3.4.1056/avr8-gnu-toolchain/bin/../lib/gcc/avr/4.8.1/../../../../avr/lib/avrxmega6\libm.a(fp_zero.o)
                0x00005096                __fp_zero
                0x00005098                __fp_szero
 .text.avr-libc
                0x000050a4      0x702 c:/program files (x86)/atmel/atmel toolchain/avr8 gcc/native/3.4.1056/avr8-gnu-toolchain/bin/../lib/gcc/avr/4.8.1/../../../../avr/lib/avrxmega6\libprintf_flt.a(vfprintf_flt.o)
                0x000050a4                vfprintf
 .text.libgcc.div
                0x000057a6       0x26 c:/program files (x86)/atmel/atmel toolchain/avr8 gcc/native/3.4.1056/avr8-gnu-toolchain/bin/../lib/gcc/avr/4.8.1/avrxmega6\libgcc.a(_divmodhi4.o)
                0x000057a6                _div
                0x000057a6                __divmodhi4
 .text.libgcc   0x000057cc        0xc c:/program files (x86)/atmel/atmel toolchain/avr8 gcc/native/3.4.1056/avr8-gnu-toolchain/bin/../lib/gcc/avr/4.8.1/avrxmega6\libgcc.a(_tablejump.o)
                0x000057cc                __tablejump2__
                0x000057d0                __tablejump__
 .text.libgcc.mul
                0x000057d8       0x1e c:/program files (x86)/atmel/atmel toolchain/avr8 gcc/native/3.4.1056/avr8-gnu-toolchain/bin/../lib/gcc/avr/4.8.1/avrxmega6\libgcc.a(_umulhisi3.o)
                0x000057d8                __umulhisi3
 .text.libgcc.div
                0x000057f6       0x28 c:/program files (x86)/atmel/atmel toolchain/avr8 gcc/native/3.4.1056/avr8-gnu-toolchain/bin/../lib/gcc/avr/4.8.1/avrxmega6\libgcc.a(_udivmodhi4.o)
                0x000057f6                __udivmodhi4
 .text.avr-libc
                0x0000581e       0xae c:/program files (x86)/atmel/atmel toolchain/avr8 gcc/native/3.4.1056/avr8-gnu-toolchain/bin/../lib/gcc/avr/4.8.1/../../../../avr/lib/avrxmega6\libc.a(rand.o)
                0x000058ae                rand_r
                0x000058b0                rand
                0x000058b6                srand
 .text.avr-libc
                0x000058cc      0x1b0 c:/program files (x86)/atmel/atmel toolchain/avr8 gcc/native/3.4.1056/avr8-gnu-toolchain/bin/../lib/gcc/avr/4.8.1/../../../../avr/lib/avrxmega6\libc.a(ftoa_engine.o)
                0x000058cc                __ftoa_engine
 .text.avr-libc
                0x00005a7c       0x16 c:/program files (x86)/atmel/atmel toolchain/avr8 gcc/native/3.4.1056/avr8-gnu-toolchain/bin/../lib/gcc/avr/4.8.1/../../../../avr/lib/avrxmega6\libc.a(strnlen_P.o)
                0x00005a7c                strnlen_P
 .text.avr-libc
                0x00005a92       0x1a c:/program files (x86)/atmel/atmel toolchain/avr8 gcc/native/3.4.1056/avr8-gnu-toolchain/bin/../lib/gcc/avr/4.8.1/../../../../avr/lib/avrxmega6\libc.a(memcmp.o)
                0x00005a92                memcmp
 .text.avr-libc
                0x00005aac       0x12 c:/program files (x86)/atmel/atmel toolchain/avr8 gcc/native/3.4.1056/avr8-gnu-toolchain/bin/../lib/gcc/avr/4.8.1/../../../../avr/lib/avrxmega6\libc.a(memcpy.o)
                0x00005aac                memcpy
 .text.avr-libc
                0x00005abe        0xe c:/program files (x86)/atmel/atmel toolchain/avr8 gcc/native/3.4.1056/avr8-gnu-toolchain/bin/../lib/gcc/avr/4.8.1/../../../../avr/lib/avrxmega6\libc.a(memset.o)
                0x00005abe                memset
 .text.avr-libc
                0x00005acc       0x16 c:/program files (x86)/atmel/atmel toolchain/avr8 gcc/native/3.4.1056/avr8-gnu-toolchain/bin/../lib/gcc/avr/4.8.1/../../../../avr/lib/avrxmega6\libc.a(strcat.o)
                0x00005acc                strcat
 .text.avr-libc
                0x00005ae2        0xe c:/program files (x86)/atmel/atmel toolchain/avr8 gcc/native/3.4.1056/avr8-gnu-toolchain/bin/../lib/gcc/avr/4.8.1/../../../../avr/lib/avrxmega6\libc.a(strcpy.o)
                0x00005ae2                strcpy
 .text.avr-libc
                0x00005af0       0x1c c:/program files (x86)/atmel/atmel toolchain/avr8 gcc/native/3.4.1056/avr8-gnu-toolchain/bin/../lib/gcc/avr/4.8.1/../../../../avr/lib/avrxmega6\libc.a(strncmp.o)
                0x00005af0                strncmp
 .text.avr-libc
                0x00005b0c       0x1e c:/program files (x86)/atmel/atmel toolchain/avr8 gcc/native/3.4.1056/avr8-gnu-toolchain/bin/../lib/gcc/avr/4.8.1/../../../../avr/lib/avrxmega6\libc.a(strncpy.o)
                0x00005b0c                strncpy
 .text.avr-libc
                0x00005b2a       0x16 c:/program files (x86)/atmel/atmel toolchain/avr8 gcc/native/3.4.1056/avr8-gnu-toolchain/bin/../lib/gcc/avr/4.8.1/../../../../avr/lib/avrxmega6\libc.a(strnlen.o)
                0x00005b2a                strnlen
 .text.avr-libc
                0x00005b40       0x14 c:/program files (x86)/atmel/atmel toolchain/avr8 gcc/native/3.4.1056/avr8-gnu-toolchain/bin/../lib/gcc/avr/4.8.1/../../../../avr/lib/avrxmega6\libc.a(itoa_ncheck.o)
                0x00005b40                __itoa_ncheck
 .text.avr-libc
                0x00005b54       0x32 c:/program files (x86)/atmel/atmel toolchain/avr8 gcc/native/3.4.1056/avr8-gnu-toolchain/bin/../lib/gcc/avr/4.8.1/../../../../avr/lib/avrxmega6\libc.a(utoa_ncheck.o)
                0x00005b54                __utoa_ncheck
                0x00005b56                __utoa_common
 .text.avr-libc
                0x00005b86       0x64 c:/program files (x86)/atmel/atmel toolchain/avr8 gcc/native/3.4.1056/avr8-gnu-toolchain/bin/../lib/gcc/avr/4.8.1/../../../../avr/lib/avrxmega6\libc.a(fputc.o)
                0x00005b86                fputc
 .text.avr-libc
                0x00005bea       0x50 c:/program files (x86)/atmel/atmel toolchain/avr8 gcc/native/3.4.1056/avr8-gnu-toolchain/bin/../lib/gcc/avr/4.8.1/../../../../avr/lib/avrxmega6\libc.a(sprintf.o)
                0x00005bea                sprintf
 .text.avr-libc
                0x00005c3a       0xbc c:/program files (x86)/atmel/atmel toolchain/avr8 gcc/native/3.4.1056/avr8-gnu-toolchain/bin/../lib/gcc/avr/4.8.1/../../../../avr/lib/avrxmega6\libc.a(ultoa_invert.o)
                0x00005c3a                __ultoa_invert
 .text.avr-libc
                0x00005cf6       0x20 c:/program files (x86)/atmel/atmel toolchain/avr8 gcc/native/3.4.1056/avr8-gnu-toolchain/bin/../lib/gcc/avr/4.8.1/../../../../avr/lib/avrxmega6\libc.a(strrev.o)
                0x00005cf6                strrev
 .text.libgcc.div
                0x00005d16       0x28 c:/program files (x86)/atmel/atmel toolchain/avr8 gcc/native/3.4.1056/avr8-gnu-toolchain/bin/../lib/gcc/avr/4.8.1/avrxmega6\libgcc.a(_divmodsi4.o)
                0x00005d16                __divmodsi4
 .text.libgcc.div
                0x00005d3e       0x10 c:/program files (x86)/atmel/atmel toolchain/avr8 gcc/native/3.4.1056/avr8-gnu-toolchain/bin/../lib/gcc/avr/4.8.1/avrxmega6\libgcc.a(_negsi2.o)
                0x00005d3e                __negsi2
 .text.libgcc.mul
                0x00005d4e       0x14 c:/program files (x86)/atmel/atmel toolchain/avr8 gcc/native/3.4.1056/avr8-gnu-toolchain/bin/../lib/gcc/avr/4.8.1/avrxmega6\libgcc.a(_muluhisi3.o)
                0x00005d4e                __muluhisi3
 .text.libgcc.mul
                0x00005d62        0xc c:/program files (x86)/atmel/atmel toolchain/avr8 gcc/native/3.4.1056/avr8-gnu-toolchain/bin/../lib/gcc/avr/4.8.1/avrxmega6\libgcc.a(_mulshisi3.o)
                0x00005d62                __mulshisi3
                0x00005d66                __mulohisi3
 .text.libgcc.div
                0x00005d6e       0x44 c:/program files (x86)/atmel/atmel toolchain/avr8 gcc/native/3.4.1056/avr8-gnu-toolchain/bin/../lib/gcc/avr/4.8.1/avrxmega6\libgcc.a(_udivmodsi4.o)
                0x00005d6e                __udivmodsi4
                0x00005db2                . = ALIGN (0x2)
 *(.fini9)
 .fini9         0x00005db2        0x0 c:/program files (x86)/atmel/atmel toolchain/avr8 gcc/native/3.4.1056/avr8-gnu-toolchain/bin/../lib/gcc/avr/4.8.1/avrxmega6\libgcc.a(_exit.o)
                0x00005db2                _exit
                0x00005db2                exit
 *(.fini9)
 *(.fini8)
 *(.fini8)
 *(.fini7)
 *(.fini7)
 *(.fini6)
 *(.fini6)
 *(.fini5)
 *(.fini5)
 *(.fini4)
 *(.fini4)
 *(.fini3)
 *(.fini3)
 *(.fini2)
 *(.fini2)
 *(.fini1)
 *(.fini1)
 *(.fini0)
 .fini0         0x00005db2        0x4 c:/program files (x86)/atmel/atmel toolchain/avr8 gcc/native/3.4.1056/avr8-gnu-toolchain/bin/../lib/gcc/avr/4.8.1/avrxmega6\libgcc.a(_exit.o)
 *(.fini0)
                0x00005db6                _etext = .

.data           0x00802000      0x11e load address 0x00005db6
                0x00802000                PROVIDE (__data_start, .)
 *(.data)
 .data          0x00802000        0x0 c:/program files (x86)/atmel/atmel toolchain/avr8 gcc/native/3.4.1056/avr8-gnu-toolchain/bin/../lib/gcc/avr/4.8.1/../../../../avr/lib/avrxmega6/crtx128a3u.o
 .data          0x00802000        0x0 cspTask.o
 .data          0x00802000        0x0 csp_interface.o
 .data          0x00802000        0x0 FreeRTOS/Port/heap_1.o
 .data          0x00802000        0x0 FreeRTOS/Port/port.o
 .data          0x00802000        0x0 FreeRTOS/Source/croutine.o
 .data          0x00802000        0x0 FreeRTOS/Source/list.o
 .data          0x00802000        0x0 FreeRTOS/Source/queue.o
 .data          0x00802000        0x0 FreeRTOS/Source/tasks.o
 .data          0x00802000        0x0 FreeRTOS/Source/timers.o
 .data          0x00802000        0x0 libscp/src/arch/freertos/csp_malloc.o
 .data          0x00802000        0x0 libscp/src/arch/freertos/csp_queue.o
 .data          0x00802000        0x0 libscp/src/arch/freertos/csp_semaphore.o
 .data          0x00802000        0x0 libscp/src/arch/freertos/csp_system.o
 .data          0x00802000        0x0 libscp/src/arch/freertos/csp_thread.o
 .data          0x00802000        0x0 libscp/src/arch/freertos/csp_time.o
 .data          0x00802000        0x0 libscp/src/crypto/csp_hmac.o
 .data          0x00802000        0x0 libscp/src/crypto/csp_sha1.o
 .data          0x00802000        0x0 libscp/src/crypto/csp_xtea.o
 .data          0x00802000        0x0 libscp/src/csp_buffer.o
 .data          0x00802000        0x0 libscp/src/csp_conn.o
 .data          0x00802000        0x0 libscp/src/csp_crc32.o
 .data          0x00802000        0x0 libscp/src/csp_debug.o
 .data          0x00802000        0x0 libscp/src/csp_endian.o
 .data          0x00802000        0x0 libscp/src/csp_io.o
 .data          0x00802000        0x0 libscp/src/csp_port.o
 .data          0x00802000        0x0 libscp/src/csp_route.o
 .data          0x00802000        0x0 libscp/src/csp_services.o
 .data          0x00802000        0x0 libscp/src/csp_service_handler.o
 .data          0x00802000        0x0 libscp/src/csp_sfp.o
 .data          0x00802000        0x0 libscp/src/interfaces/csp_if_i2c.o
 .data          0x00802000        0x0 libscp/src/interfaces/csp_if_lo.o
 .data          0x00802000        0x0 libscp/src/transport/csp_rdp.o
 .data          0x00802000        0x0 libscp/src/transport/csp_udp.o
 .data          0x00802000        0x0 main.o
 .data          0x00802000        0x0 mainTask.o
 .data          0x00802000        0x0 MyDrivers/port_driver.o
 .data          0x00802000        0x0 MyDrivers/TC_driver.o
 .data          0x00802000        0x0 MyDrivers/twi_master_driver.o
 .data          0x00802000        0x0 MyDrivers/twi_slave_driver.o
 .data          0x00802000        0x0 MyDrivers/usart_driver_RTOS.o
 .data          0x00802000        0x0 system.o
 .data          0x00802000        0x0 src/ASF/common/services/clock/xmega/sysclk.o
 .data          0x00802000        0x0 src/ASF/common/services/ioport/xmega/ioport_compat.o
 .data          0x00802000        0x0 src/ASF/xmega/drivers/nvm/nvm.o
 .data          0x00802000        0x0 src/ASF/xmega/drivers/nvm/nvm_asm.o
 .data          0x00802000        0x0 src/ASF/xmega/drivers/cpu/ccp.o
 .data          0x00802000        0x0 c:/program files (x86)/atmel/atmel toolchain/avr8 gcc/native/3.4.1056/avr8-gnu-toolchain/bin/../lib/gcc/avr/4.8.1/../../../../avr/lib/avrxmega6\libm.a(floatsisf.o)
 .data          0x00802000        0x0 c:/program files (x86)/atmel/atmel toolchain/avr8 gcc/native/3.4.1056/avr8-gnu-toolchain/bin/../lib/gcc/avr/4.8.1/../../../../avr/lib/avrxmega6\libm.a(mulsf3.o)
 .data          0x00802000        0x0 c:/program files (x86)/atmel/atmel toolchain/avr8 gcc/native/3.4.1056/avr8-gnu-toolchain/bin/../lib/gcc/avr/4.8.1/../../../../avr/lib/avrxmega6\libm.a(mulsf3x.o)
 .data          0x00802000        0x0 c:/program files (x86)/atmel/atmel toolchain/avr8 gcc/native/3.4.1056/avr8-gnu-toolchain/bin/../lib/gcc/avr/4.8.1/../../../../avr/lib/avrxmega6\libm.a(fp_inf.o)
 .data          0x00802000        0x0 c:/program files (x86)/atmel/atmel toolchain/avr8 gcc/native/3.4.1056/avr8-gnu-toolchain/bin/../lib/gcc/avr/4.8.1/../../../../avr/lib/avrxmega6\libm.a(fp_nan.o)
 .data          0x00802000        0x0 c:/program files (x86)/atmel/atmel toolchain/avr8 gcc/native/3.4.1056/avr8-gnu-toolchain/bin/../lib/gcc/avr/4.8.1/../../../../avr/lib/avrxmega6\libm.a(fp_pscA.o)
 .data          0x00802000        0x0 c:/program files (x86)/atmel/atmel toolchain/avr8 gcc/native/3.4.1056/avr8-gnu-toolchain/bin/../lib/gcc/avr/4.8.1/../../../../avr/lib/avrxmega6\libm.a(fp_pscB.o)
 .data          0x00802000        0x0 c:/program files (x86)/atmel/atmel toolchain/avr8 gcc/native/3.4.1056/avr8-gnu-toolchain/bin/../lib/gcc/avr/4.8.1/../../../../avr/lib/avrxmega6\libm.a(fp_round.o)
 .data          0x00802000        0x0 c:/program files (x86)/atmel/atmel toolchain/avr8 gcc/native/3.4.1056/avr8-gnu-toolchain/bin/../lib/gcc/avr/4.8.1/../../../../avr/lib/avrxmega6\libm.a(fp_split3.o)
 .data          0x00802000        0x0 c:/program files (x86)/atmel/atmel toolchain/avr8 gcc/native/3.4.1056/avr8-gnu-toolchain/bin/../lib/gcc/avr/4.8.1/../../../../avr/lib/avrxmega6\libm.a(fp_zero.o)
 .data          0x00802000        0x0 c:/program files (x86)/atmel/atmel toolchain/avr8 gcc/native/3.4.1056/avr8-gnu-toolchain/bin/../lib/gcc/avr/4.8.1/../../../../avr/lib/avrxmega6\libprintf_flt.a(vfprintf_flt.o)
 .data          0x00802000        0x0 c:/program files (x86)/atmel/atmel toolchain/avr8 gcc/native/3.4.1056/avr8-gnu-toolchain/bin/../lib/gcc/avr/4.8.1/avrxmega6\libgcc.a(_divmodhi4.o)
 .data          0x00802000        0x0 c:/program files (x86)/atmel/atmel toolchain/avr8 gcc/native/3.4.1056/avr8-gnu-toolchain/bin/../lib/gcc/avr/4.8.1/avrxmega6\libgcc.a(_exit.o)
 .data          0x00802000        0x0 c:/program files (x86)/atmel/atmel toolchain/avr8 gcc/native/3.4.1056/avr8-gnu-toolchain/bin/../lib/gcc/avr/4.8.1/avrxmega6\libgcc.a(_tablejump.o)
 .data          0x00802000        0x0 c:/program files (x86)/atmel/atmel toolchain/avr8 gcc/native/3.4.1056/avr8-gnu-toolchain/bin/../lib/gcc/avr/4.8.1/avrxmega6\libgcc.a(_copy_data.o)
 .data          0x00802000        0x0 c:/program files (x86)/atmel/atmel toolchain/avr8 gcc/native/3.4.1056/avr8-gnu-toolchain/bin/../lib/gcc/avr/4.8.1/avrxmega6\libgcc.a(_clear_bss.o)
 .data          0x00802000        0x0 c:/program files (x86)/atmel/atmel toolchain/avr8 gcc/native/3.4.1056/avr8-gnu-toolchain/bin/../lib/gcc/avr/4.8.1/avrxmega6\libgcc.a(_umulhisi3.o)
 .data          0x00802000        0x0 c:/program files (x86)/atmel/atmel toolchain/avr8 gcc/native/3.4.1056/avr8-gnu-toolchain/bin/../lib/gcc/avr/4.8.1/avrxmega6\libgcc.a(_ashldi3.o)
 .data          0x00802000        0x0 c:/program files (x86)/atmel/atmel toolchain/avr8 gcc/native/3.4.1056/avr8-gnu-toolchain/bin/../lib/gcc/avr/4.8.1/avrxmega6\libgcc.a(_ashrdi3.o)
 .data          0x00802000        0x0 c:/program files (x86)/atmel/atmel toolchain/avr8 gcc/native/3.4.1056/avr8-gnu-toolchain/bin/../lib/gcc/avr/4.8.1/avrxmega6\libgcc.a(_udivmodhi4.o)
 .data          0x00802000        0x4 c:/program files (x86)/atmel/atmel toolchain/avr8 gcc/native/3.4.1056/avr8-gnu-toolchain/bin/../lib/gcc/avr/4.8.1/../../../../avr/lib/avrxmega6\libc.a(rand.o)
 .data          0x00802004        0x0 c:/program files (x86)/atmel/atmel toolchain/avr8 gcc/native/3.4.1056/avr8-gnu-toolchain/bin/../lib/gcc/avr/4.8.1/../../../../avr/lib/avrxmega6\libc.a(ftoa_engine.o)
 .data          0x00802004        0x0 c:/program files (x86)/atmel/atmel toolchain/avr8 gcc/native/3.4.1056/avr8-gnu-toolchain/bin/../lib/gcc/avr/4.8.1/../../../../avr/lib/avrxmega6\libc.a(strnlen_P.o)
 .data          0x00802004        0x0 c:/program files (x86)/atmel/atmel toolchain/avr8 gcc/native/3.4.1056/avr8-gnu-toolchain/bin/../lib/gcc/avr/4.8.1/../../../../avr/lib/avrxmega6\libc.a(memcmp.o)
 .data          0x00802004        0x0 c:/program files (x86)/atmel/atmel toolchain/avr8 gcc/native/3.4.1056/avr8-gnu-toolchain/bin/../lib/gcc/avr/4.8.1/../../../../avr/lib/avrxmega6\libc.a(memcpy.o)
 .data          0x00802004        0x0 c:/program files (x86)/atmel/atmel toolchain/avr8 gcc/native/3.4.1056/avr8-gnu-toolchain/bin/../lib/gcc/avr/4.8.1/../../../../avr/lib/avrxmega6\libc.a(memset.o)
 .data          0x00802004        0x0 c:/program files (x86)/atmel/atmel toolchain/avr8 gcc/native/3.4.1056/avr8-gnu-toolchain/bin/../lib/gcc/avr/4.8.1/../../../../avr/lib/avrxmega6\libc.a(strcat.o)
 .data          0x00802004        0x0 c:/program files (x86)/atmel/atmel toolchain/avr8 gcc/native/3.4.1056/avr8-gnu-toolchain/bin/../lib/gcc/avr/4.8.1/../../../../avr/lib/avrxmega6\libc.a(strcpy.o)
 .data          0x00802004        0x0 c:/program files (x86)/atmel/atmel toolchain/avr8 gcc/native/3.4.1056/avr8-gnu-toolchain/bin/../lib/gcc/avr/4.8.1/../../../../avr/lib/avrxmega6\libc.a(strncmp.o)
 .data          0x00802004        0x0 c:/program files (x86)/atmel/atmel toolchain/avr8 gcc/native/3.4.1056/avr8-gnu-toolchain/bin/../lib/gcc/avr/4.8.1/../../../../avr/lib/avrxmega6\libc.a(strncpy.o)
 .data          0x00802004        0x0 c:/program files (x86)/atmel/atmel toolchain/avr8 gcc/native/3.4.1056/avr8-gnu-toolchain/bin/../lib/gcc/avr/4.8.1/../../../../avr/lib/avrxmega6\libc.a(strnlen.o)
 .data          0x00802004        0x0 c:/program files (x86)/atmel/atmel toolchain/avr8 gcc/native/3.4.1056/avr8-gnu-toolchain/bin/../lib/gcc/avr/4.8.1/../../../../avr/lib/avrxmega6\libc.a(itoa.o)
 .data          0x00802004        0x0 c:/program files (x86)/atmel/atmel toolchain/avr8 gcc/native/3.4.1056/avr8-gnu-toolchain/bin/../lib/gcc/avr/4.8.1/../../../../avr/lib/avrxmega6\libc.a(itoa_ncheck.o)
 .data          0x00802004        0x0 c:/program files (x86)/atmel/atmel toolchain/avr8 gcc/native/3.4.1056/avr8-gnu-toolchain/bin/../lib/gcc/avr/4.8.1/../../../../avr/lib/avrxmega6\libc.a(utoa_ncheck.o)
 .data          0x00802004        0x0 c:/program files (x86)/atmel/atmel toolchain/avr8 gcc/native/3.4.1056/avr8-gnu-toolchain/bin/../lib/gcc/avr/4.8.1/../../../../avr/lib/avrxmega6\libc.a(fputc.o)
 .data          0x00802004        0x0 c:/program files (x86)/atmel/atmel toolchain/avr8 gcc/native/3.4.1056/avr8-gnu-toolchain/bin/../lib/gcc/avr/4.8.1/../../../../avr/lib/avrxmega6\libc.a(iob.o)
 .data          0x00802004        0x0 c:/program files (x86)/atmel/atmel toolchain/avr8 gcc/native/3.4.1056/avr8-gnu-toolchain/bin/../lib/gcc/avr/4.8.1/../../../../avr/lib/avrxmega6\libc.a(printf_p.o)
 .data          0x00802004        0x0 c:/program files (x86)/atmel/atmel toolchain/avr8 gcc/native/3.4.1056/avr8-gnu-toolchain/bin/../lib/gcc/avr/4.8.1/../../../../avr/lib/avrxmega6\libc.a(sprintf.o)
 .data          0x00802004        0x0 c:/program files (x86)/atmel/atmel toolchain/avr8 gcc/native/3.4.1056/avr8-gnu-toolchain/bin/../lib/gcc/avr/4.8.1/../../../../avr/lib/avrxmega6\libc.a(vfprintf_p.o)
 .data          0x00802004        0x0 c:/program files (x86)/atmel/atmel toolchain/avr8 gcc/native/3.4.1056/avr8-gnu-toolchain/bin/../lib/gcc/avr/4.8.1/../../../../avr/lib/avrxmega6\libc.a(vsnprintf.o)
 .data          0x00802004        0x0 c:/program files (x86)/atmel/atmel toolchain/avr8 gcc/native/3.4.1056/avr8-gnu-toolchain/bin/../lib/gcc/avr/4.8.1/../../../../avr/lib/avrxmega6\libc.a(ultoa_invert.o)
 .data          0x00802004        0x0 c:/program files (x86)/atmel/atmel toolchain/avr8 gcc/native/3.4.1056/avr8-gnu-toolchain/bin/../lib/gcc/avr/4.8.1/../../../../avr/lib/avrxmega6\libc.a(strrev.o)
 .data          0x00802004        0x0 c:/program files (x86)/atmel/atmel toolchain/avr8 gcc/native/3.4.1056/avr8-gnu-toolchain/bin/../lib/gcc/avr/4.8.1/avrxmega6\libgcc.a(_divmodsi4.o)
 .data          0x00802004        0x0 c:/program files (x86)/atmel/atmel toolchain/avr8 gcc/native/3.4.1056/avr8-gnu-toolchain/bin/../lib/gcc/avr/4.8.1/avrxmega6\libgcc.a(_negsi2.o)
 .data          0x00802004        0x0 c:/program files (x86)/atmel/atmel toolchain/avr8 gcc/native/3.4.1056/avr8-gnu-toolchain/bin/../lib/gcc/avr/4.8.1/avrxmega6\libgcc.a(_muluhisi3.o)
 .data          0x00802004        0x0 c:/program files (x86)/atmel/atmel toolchain/avr8 gcc/native/3.4.1056/avr8-gnu-toolchain/bin/../lib/gcc/avr/4.8.1/avrxmega6\libgcc.a(_mulshisi3.o)
 .data          0x00802004        0x0 c:/program files (x86)/atmel/atmel toolchain/avr8 gcc/native/3.4.1056/avr8-gnu-toolchain/bin/../lib/gcc/avr/4.8.1/avrxmega6\libgcc.a(_udivmodsi4.o)
 *(.data*)
 .data.uxPreviousTask
                0x00802004        0x1 FreeRTOS/Source/tasks.o
 .data.xNextTaskUnblockTime
                0x00802005        0x2 FreeRTOS/Source/tasks.o
 .data.csp_if_i2c
                0x00802007       0x34 libscp/src/interfaces/csp_if_i2c.o
                0x00802007                csp_if_i2c
 .data.csp_if_lo
                0x0080203b       0x34 libscp/src/interfaces/csp_if_lo.o
                0x0080203b                csp_if_lo
 *(.rodata)
 *(.rodata*)
 .rodata.str1.1
                0x0080206f       0x17 FreeRTOS/Source/tasks.o
 .rodata.str1.1
                0x00802086        0x8 FreeRTOS/Source/timers.o
 .rodata.str1.1
                0x0080208e        0x4 libscp/src/csp_route.o
 .rodata.str1.1
                0x00802092       0x1d libscp/src/csp_service_handler.o
 .rodata.str1.1
                0x008020af        0x4 libscp/src/interfaces/csp_if_i2c.o
 .rodata.str1.1
                0x008020b3        0x5 libscp/src/interfaces/csp_if_lo.o
 .rodata.str1.1
                0x008020b8       0x17 main.o
 .rodata.str1.1
                0x008020cf       0x4f mainTask.o
 *(.gnu.linkonce.d*)
                0x0080211e                . = ALIGN (0x2)
                0x0080211e                _edata = .
                0x0080211e                PROVIDE (__data_end, .)

.bss            0x0080211e     0x1e78
                0x0080211e                PROVIDE (__bss_start, .)
 *(.bss)
 *(.bss*)
 .bss.xNextFreeByte
                0x0080211e        0x2 FreeRTOS/Port/heap_1.o
 .bss.xHeap     0x00802120     0x1b58 FreeRTOS/Port/heap_1.o
 .bss.pcStatusString
                0x00803c78       0x32 FreeRTOS/Source/tasks.o
 .bss.xTracing  0x00803caa        0x1 FreeRTOS/Source/tasks.o
 .bss.pcTraceBufferEnd
                0x00803cab        0x2 FreeRTOS/Source/tasks.o
 .bss.pcTraceBuffer
                0x00803cad        0x2 FreeRTOS/Source/tasks.o
 .bss.uxTaskNumber
                0x00803caf        0x1 FreeRTOS/Source/tasks.o
 .bss.xNumOfOverflows
                0x00803cb0        0x1 FreeRTOS/Source/tasks.o
 .bss.xMissedYield
                0x00803cb1        0x1 FreeRTOS/Source/tasks.o
 .bss.uxMissedTicks
                0x00803cb2        0x1 FreeRTOS/Source/tasks.o
 .bss.uxSchedulerSuspended
                0x00803cb3        0x1 FreeRTOS/Source/tasks.o
 .bss.xSchedulerRunning
                0x00803cb4        0x1 FreeRTOS/Source/tasks.o
 .bss.uxTopReadyPriority
                0x00803cb5        0x1 FreeRTOS/Source/tasks.o
 .bss.uxTopUsedPriority
                0x00803cb6        0x1 FreeRTOS/Source/tasks.o
 .bss.xTickCount
                0x00803cb7        0x2 FreeRTOS/Source/tasks.o
 .bss.uxCurrentNumberOfTasks
                0x00803cb9        0x1 FreeRTOS/Source/tasks.o
 .bss.xSuspendedTaskList
                0x00803cba        0x9 FreeRTOS/Source/tasks.o
 .bss.xPendingReadyList
                0x00803cc3        0x9 FreeRTOS/Source/tasks.o
 .bss.pxOverflowDelayedTaskList
                0x00803ccc        0x2 FreeRTOS/Source/tasks.o
 .bss.pxDelayedTaskList
                0x00803cce        0x2 FreeRTOS/Source/tasks.o
 .bss.xDelayedTaskList2
                0x00803cd0        0x9 FreeRTOS/Source/tasks.o
 .bss.xDelayedTaskList1
                0x00803cd9        0x9 FreeRTOS/Source/tasks.o
 .bss.pxReadyTasksLists
                0x00803ce2        0x9 FreeRTOS/Source/tasks.o
 .bss.pxCurrentTCB
                0x00803ceb        0x2 FreeRTOS/Source/tasks.o
                0x00803ceb                pxCurrentTCB
 .bss.xLastTime.4385
                0x00803ced        0x2 FreeRTOS/Source/timers.o
 .bss.xTimerQueue
                0x00803cef        0x2 FreeRTOS/Source/timers.o
 .bss.pxOverflowTimerList
                0x00803cf1        0x2 FreeRTOS/Source/timers.o
 .bss.pxCurrentTimerList
                0x00803cf3        0x2 FreeRTOS/Source/timers.o
 .bss.xActiveTimerList2
                0x00803cf5        0x9 FreeRTOS/Source/timers.o
 .bss.xActiveTimerList1
                0x00803cfe        0x9 FreeRTOS/Source/timers.o
 .bss.size      0x00803d07        0x2 libscp/src/csp_buffer.o
 .bss.count     0x00803d09        0x2 libscp/src/csp_buffer.o
 .bss.csp_buffer_pool
                0x00803d0b        0x2 libscp/src/csp_buffer.o
 .bss.csp_buffers
                0x00803d0d        0x2 libscp/src/csp_buffer.o
 .bss.csp_conn_last_given.5048
                0x00803d0f        0x1 libscp/src/csp_conn.o
 .bss.sport_lock
                0x00803d10        0x2 libscp/src/csp_conn.o
 .bss.sport     0x00803d12        0x1 libscp/src/csp_conn.o
 .bss.conn_lock
                0x00803d13        0x2 libscp/src/csp_conn.o
 .bss.arr_conn  0x00803d15       0xf0 libscp/src/csp_conn.o
 .bss.csp_model
                0x00803e05        0x2 libscp/src/csp_io.o
 .bss.csp_hostname
                0x00803e07        0x2 libscp/src/csp_io.o
 .bss.ports     0x00803e09       0x63 libscp/src/csp_port.o
 .bss.router_input_fifo
                0x00803e6c        0x2 libscp/src/csp_route.o
 .bss.handle_router
                0x00803e6e        0x2 libscp/src/csp_route.o
 .bss.routes    0x00803e70       0x63 libscp/src/csp_route.o
 .bss.interfaces
                0x00803ed3        0x2 libscp/src/csp_route.o
 .bss.packet.4545
                0x00803ed5        0x2 libscp/src/interfaces/csp_if_i2c.o
 *(COMMON)
 COMMON         0x00803ed7        0x2 cspTask.o
                0x00803ed7                xCSPEventQueue
 COMMON         0x00803ed9       0xa6 csp_interface.o
                0x00803ed9                twi_csp_slave
                0x00803f2b                twi_csp_master
                0x00803f7d                callbackFunction
 COMMON         0x00803f7f        0x1 libscp/src/csp_io.o
                0x00803f7f                my_address
 COMMON         0x00803f80        0x2 mainTask.o
                0x00803f80                outcomingPacket
 COMMON         0x00803f82        0x8 MyDrivers/usart_driver_RTOS.o
                0x00803f82                usartBufferF
                0x00803f84                usartBufferE
                0x00803f86                usartBufferD
                0x00803f88                usartBufferC
 COMMON         0x00803f8a        0xc system.o
                0x00803f8a                hoursTimer
                0x00803f8e                milisecondsTimer
                0x00803f92                secondsTimer
                0x00803f96                PROVIDE (__bss_end, .)
                0x00005db6                __data_load_start = LOADADDR (.data)
                0x00005ed4                __data_load_end = (__data_load_start + SIZEOF (.data))

.noinit         0x00803f96        0x0
                0x00803f96                PROVIDE (__noinit_start, .)
 *(.noinit*)
                0x00803f96                PROVIDE (__noinit_end, .)
                0x00803f96                _end = .
                0x00803f96                PROVIDE (__heap_start, .)

.eeprom         0x00810000        0x0
 *(.eeprom*)
                0x00810000                __eeprom_end = .

.fuse
 *(.fuse)
 *(.lfuse)
 *(.hfuse)
 *(.efuse)

.lock
 *(.lock*)

.signature
 *(.signature*)

.user_signatures
 *(.user_signatures*)

.stab
 *(.stab)

.stabstr
 *(.stabstr)

.stab.excl
 *(.stab.excl)

.stab.exclstr
 *(.stab.exclstr)

.stab.index
 *(.stab.index)

.stab.indexstr
 *(.stab.indexstr)

.comment        0x00000000       0x5c
 *(.comment)
 .comment       0x00000000       0x30 cspTask.o
                                 0x31 (size before relaxing)
 .comment       0x00000000       0x31 csp_interface.o
 .comment       0x00000000       0x31 FreeRTOS/Port/heap_1.o
 .comment       0x00000000       0x31 FreeRTOS/Port/port.o
 .comment       0x00000000       0x31 FreeRTOS/Source/croutine.o
 .comment       0x00000000       0x31 FreeRTOS/Source/list.o
 .comment       0x00000000       0x31 FreeRTOS/Source/queue.o
 .comment       0x00000000       0x31 FreeRTOS/Source/tasks.o
 .comment       0x00000000       0x31 FreeRTOS/Source/timers.o
 .comment       0x00000000       0x31 libscp/src/arch/freertos/csp_malloc.o
 .comment       0x00000000       0x31 libscp/src/arch/freertos/csp_queue.o
 .comment       0x00000000       0x31 libscp/src/arch/freertos/csp_semaphore.o
 .comment       0x00000000       0x31 libscp/src/arch/freertos/csp_system.o
 .comment       0x00000000       0x31 libscp/src/arch/freertos/csp_thread.o
 .comment       0x00000000       0x31 libscp/src/arch/freertos/csp_time.o
 .comment       0x00000000       0x31 libscp/src/crypto/csp_hmac.o
 .comment       0x00000000       0x31 libscp/src/crypto/csp_sha1.o
 .comment       0x00000000       0x31 libscp/src/crypto/csp_xtea.o
 .comment       0x00000000       0x31 libscp/src/csp_buffer.o
 .comment       0x00000000       0x31 libscp/src/csp_conn.o
 .comment       0x00000000       0x31 libscp/src/csp_crc32.o
 .comment       0x00000000       0x31 libscp/src/csp_debug.o
 .comment       0x00000000       0x31 libscp/src/csp_endian.o
 .comment       0x00000000       0x31 libscp/src/csp_io.o
 .comment       0x00000000       0x31 libscp/src/csp_port.o
 .comment       0x00000000       0x31 libscp/src/csp_route.o
 .comment       0x00000000       0x31 libscp/src/csp_services.o
 .comment       0x00000000       0x31 libscp/src/csp_service_handler.o
 .comment       0x00000000       0x31 libscp/src/csp_sfp.o
 .comment       0x00000000       0x31 libscp/src/interfaces/csp_if_i2c.o
 .comment       0x00000000       0x31 libscp/src/interfaces/csp_if_lo.o
 .comment       0x00000000       0x31 libscp/src/transport/csp_rdp.o
 .comment       0x00000000       0x31 libscp/src/transport/csp_udp.o
 .comment       0x00000000       0x31 main.o
 .comment       0x00000000       0x31 mainTask.o
 .comment       0x00000000       0x31 MyDrivers/port_driver.o
 .comment       0x00000000       0x31 MyDrivers/TC_driver.o
 .comment       0x00000000       0x31 MyDrivers/twi_master_driver.o
 .comment       0x00000000       0x31 MyDrivers/twi_slave_driver.o
 .comment       0x00000000       0x31 MyDrivers/usart_driver_RTOS.o
 .comment       0x00000000       0x31 system.o
 .comment       0x00000000       0x31 src/ASF/common/services/clock/xmega/sysclk.o
 .comment       0x00000000       0x31 src/ASF/common/services/ioport/xmega/ioport_compat.o
 .comment       0x00000000       0x31 src/ASF/xmega/drivers/nvm/nvm.o
 .comment       0x00000030       0x2c c:/program files (x86)/atmel/atmel toolchain/avr8 gcc/native/3.4.1056/avr8-gnu-toolchain/bin/../lib/gcc/avr/4.8.1/../../../../avr/lib/avrxmega6\libprintf_flt.a(vfprintf_flt.o)
                                 0x2d (size before relaxing)
 .comment       0x00000000       0x31 c:/program files (x86)/atmel/atmel toolchain/avr8 gcc/native/3.4.1056/avr8-gnu-toolchain/bin/../lib/gcc/avr/4.8.1/../../../../avr/lib/avrxmega6\libc.a(rand.o)
 .comment       0x00000000       0x31 c:/program files (x86)/atmel/atmel toolchain/avr8 gcc/native/3.4.1056/avr8-gnu-toolchain/bin/../lib/gcc/avr/4.8.1/../../../../avr/lib/avrxmega6\libc.a(fputc.o)
 .comment       0x00000000       0x31 c:/program files (x86)/atmel/atmel toolchain/avr8 gcc/native/3.4.1056/avr8-gnu-toolchain/bin/../lib/gcc/avr/4.8.1/../../../../avr/lib/avrxmega6\libc.a(iob.o)
 .comment       0x00000000       0x31 c:/program files (x86)/atmel/atmel toolchain/avr8 gcc/native/3.4.1056/avr8-gnu-toolchain/bin/../lib/gcc/avr/4.8.1/../../../../avr/lib/avrxmega6\libc.a(printf_p.o)
 .comment       0x00000000       0x31 c:/program files (x86)/atmel/atmel toolchain/avr8 gcc/native/3.4.1056/avr8-gnu-toolchain/bin/../lib/gcc/avr/4.8.1/../../../../avr/lib/avrxmega6\libc.a(sprintf.o)
 .comment       0x00000000       0x31 c:/program files (x86)/atmel/atmel toolchain/avr8 gcc/native/3.4.1056/avr8-gnu-toolchain/bin/../lib/gcc/avr/4.8.1/../../../../avr/lib/avrxmega6\libc.a(vfprintf_p.o)
 .comment       0x00000000       0x31 c:/program files (x86)/atmel/atmel toolchain/avr8 gcc/native/3.4.1056/avr8-gnu-toolchain/bin/../lib/gcc/avr/4.8.1/../../../../avr/lib/avrxmega6\libc.a(vsnprintf.o)

.note.gnu.build-id
 *(.note.gnu.build-id)

.debug
 *(.debug)

.line
 *(.line)

.debug_srcinfo
 *(.debug_srcinfo)

.debug_sfnames
 *(.debug_sfnames)

.debug_aranges  0x00000000      0xe20
 *(.debug_aranges)
 .debug_aranges
                0x00000000       0x20 cspTask.o
 .debug_aranges
                0x00000020       0x50 csp_interface.o
 .debug_aranges
                0x00000070       0x38 FreeRTOS/Port/heap_1.o
 .debug_aranges
                0x000000a8       0x40 FreeRTOS/Port/port.o
 .debug_aranges
                0x000000e8       0x38 FreeRTOS/Source/croutine.o
 .debug_aranges
                0x00000120       0x40 FreeRTOS/Source/list.o
 .debug_aranges
                0x00000160       0x90 FreeRTOS/Source/queue.o
 .debug_aranges
                0x000001f0      0x120 FreeRTOS/Source/tasks.o
 .debug_aranges
                0x00000310       0x60 FreeRTOS/Source/timers.o
 .debug_aranges
                0x00000370       0x28 libscp/src/arch/freertos/csp_malloc.o
 .debug_aranges
                0x00000398       0x58 libscp/src/arch/freertos/csp_queue.o
 .debug_aranges
                0x000003f0       0x60 libscp/src/arch/freertos/csp_semaphore.o
 .debug_aranges
                0x00000450       0x40 libscp/src/arch/freertos/csp_system.o
 .debug_aranges
                0x00000490       0x20 libscp/src/arch/freertos/csp_thread.o
 .debug_aranges
                0x000004b0       0x38 libscp/src/arch/freertos/csp_time.o
 .debug_aranges
                0x000004e8       0x18 libscp/src/crypto/csp_hmac.o
 .debug_aranges
                0x00000500       0x18 libscp/src/crypto/csp_sha1.o
 .debug_aranges
                0x00000518       0x18 libscp/src/crypto/csp_xtea.o
 .debug_aranges
                0x00000530       0x58 libscp/src/csp_buffer.o
 .debug_aranges
                0x00000588       0xa0 libscp/src/csp_conn.o
 .debug_aranges
                0x00000628       0x30 libscp/src/csp_crc32.o
 .debug_aranges
                0x00000658       0x40 libscp/src/csp_debug.o
 .debug_aranges
                0x00000698       0xa8 libscp/src/csp_endian.o
 .debug_aranges
                0x00000740       0x98 libscp/src/csp_io.o
 .debug_aranges
                0x000007d8       0x38 libscp/src/csp_port.o
 .debug_aranges
                0x00000810       0x90 libscp/src/csp_route.o
 .debug_aranges
                0x000008a0       0x58 libscp/src/csp_services.o
 .debug_aranges
                0x000008f8       0x28 libscp/src/csp_service_handler.o
 .debug_aranges
                0x00000920       0x28 libscp/src/csp_sfp.o
 .debug_aranges
                0x00000948       0x30 libscp/src/interfaces/csp_if_i2c.o
 .debug_aranges
                0x00000978       0x20 libscp/src/interfaces/csp_if_lo.o
 .debug_aranges
                0x00000998       0x18 libscp/src/transport/csp_rdp.o
 .debug_aranges
                0x000009b0       0x20 libscp/src/transport/csp_udp.o
 .debug_aranges
                0x000009d0       0x28 main.o
 .debug_aranges
                0x000009f8       0x40 mainTask.o
 .debug_aranges
                0x00000a38       0x30 MyDrivers/port_driver.o
 .debug_aranges
                0x00000a68       0xc8 MyDrivers/TC_driver.o
 .debug_aranges
                0x00000b30       0x70 MyDrivers/twi_master_driver.o
 .debug_aranges
                0x00000ba0       0x60 MyDrivers/twi_slave_driver.o
 .debug_aranges
                0x00000c00       0x90 MyDrivers/usart_driver_RTOS.o
 .debug_aranges
                0x00000c90       0x28 system.o
 .debug_aranges
                0x00000cb8       0x40 src/ASF/common/services/clock/xmega/sysclk.o
 .debug_aranges
                0x00000cf8       0x20 src/ASF/common/services/ioport/xmega/ioport_compat.o
 .debug_aranges
                0x00000d18       0xc0 src/ASF/xmega/drivers/nvm/nvm.o
 .debug_aranges
                0x00000dd8       0x28 src/ASF/xmega/drivers/nvm/nvm_asm.o
 .debug_aranges
                0x00000e00       0x20 src/ASF/xmega/drivers/cpu/ccp.o

.debug_pubnames
 *(.debug_pubnames)

.debug_info     0x00000000    0x1629c
 *(.debug_info .gnu.linkonce.wi.*)
 .debug_info    0x00000000      0x648 cspTask.o
 .debug_info    0x00000648      0x8a7 csp_interface.o
 .debug_info    0x00000eef      0x1a5 FreeRTOS/Port/heap_1.o
 .debug_info    0x00001094      0xa21 FreeRTOS/Port/port.o
 .debug_info    0x00001ab5      0x781 FreeRTOS/Source/croutine.o
 .debug_info    0x00002236      0x2c8 FreeRTOS/Source/list.o
 .debug_info    0x000024fe      0xe12 FreeRTOS/Source/queue.o
 .debug_info    0x00003310     0x17f7 FreeRTOS/Source/tasks.o
 .debug_info    0x00004b07      0xf03 FreeRTOS/Source/timers.o
 .debug_info    0x00005a0a      0x12b libscp/src/arch/freertos/csp_malloc.o
 .debug_info    0x00005b35      0x4b3 libscp/src/arch/freertos/csp_queue.o
 .debug_info    0x00005fe8      0x46d libscp/src/arch/freertos/csp_semaphore.o
 .debug_info    0x00006455      0x331 libscp/src/arch/freertos/csp_system.o
 .debug_info    0x00006786      0x26d libscp/src/arch/freertos/csp_thread.o
 .debug_info    0x000069f3      0x14b libscp/src/arch/freertos/csp_time.o
 .debug_info    0x00006b3e       0x64 libscp/src/crypto/csp_hmac.o
 .debug_info    0x00006ba2       0x64 libscp/src/crypto/csp_sha1.o
 .debug_info    0x00006c06       0x64 libscp/src/crypto/csp_xtea.o
 .debug_info    0x00006c6a      0x722 libscp/src/csp_buffer.o
 .debug_info    0x0000738c      0xbb5 libscp/src/csp_conn.o
 .debug_info    0x00007f41      0x3af libscp/src/csp_crc32.o
 .debug_info    0x000082f0      0x4d8 libscp/src/csp_debug.o
 .debug_info    0x000087c8      0x563 libscp/src/csp_endian.o
 .debug_info    0x00008d2b      0xf60 libscp/src/csp_io.o
 .debug_info    0x00009c8b      0x403 libscp/src/csp_port.o
 .debug_info    0x0000a08e      0xedb libscp/src/csp_route.o
 .debug_info    0x0000af69      0xe87 libscp/src/csp_services.o
 .debug_info    0x0000bdf0      0xeba libscp/src/csp_service_handler.o
 .debug_info    0x0000ccaa      0x797 libscp/src/csp_sfp.o
 .debug_info    0x0000d441      0x6b6 libscp/src/interfaces/csp_if_i2c.o
 .debug_info    0x0000daf7      0x3d1 libscp/src/interfaces/csp_if_lo.o
 .debug_info    0x0000dec8       0x6b libscp/src/transport/csp_rdp.o
 .debug_info    0x0000df33      0x401 libscp/src/transport/csp_udp.o
 .debug_info    0x0000e334      0x9cc main.o
 .debug_info    0x0000ed00      0xf69 mainTask.o
 .debug_info    0x0000fc69      0x48c MyDrivers/port_driver.o
 .debug_info    0x000100f5     0x1315 MyDrivers/TC_driver.o
 .debug_info    0x0001140a      0x887 MyDrivers/twi_master_driver.o
 .debug_info    0x00011c91      0x69b MyDrivers/twi_slave_driver.o
 .debug_info    0x0001232c      0xf8d MyDrivers/usart_driver_RTOS.o
 .debug_info    0x000132b9     0x11c9 system.o
 .debug_info    0x00014482      0x829 src/ASF/common/services/clock/xmega/sysclk.o
 .debug_info    0x00014cab      0x119 src/ASF/common/services/ioport/xmega/ioport_compat.o
 .debug_info    0x00014dc4     0x13c2 src/ASF/xmega/drivers/nvm/nvm.o
 .debug_info    0x00016186       0x8b src/ASF/xmega/drivers/nvm/nvm_asm.o
 .debug_info    0x00016211       0x8b src/ASF/xmega/drivers/cpu/ccp.o

.debug_abbrev   0x00000000     0x5452
 *(.debug_abbrev)
 .debug_abbrev  0x00000000      0x20a cspTask.o
 .debug_abbrev  0x0000020a      0x247 csp_interface.o
 .debug_abbrev  0x00000451      0x148 FreeRTOS/Port/heap_1.o
 .debug_abbrev  0x00000599      0x210 FreeRTOS/Port/port.o
 .debug_abbrev  0x000007a9      0x261 FreeRTOS/Source/croutine.o
 .debug_abbrev  0x00000a0a       0xf6 FreeRTOS/Source/list.o
 .debug_abbrev  0x00000b00      0x295 FreeRTOS/Source/queue.o
 .debug_abbrev  0x00000d95      0x351 FreeRTOS/Source/tasks.o
 .debug_abbrev  0x000010e6      0x2f9 FreeRTOS/Source/timers.o
 .debug_abbrev  0x000013df       0xd8 libscp/src/arch/freertos/csp_malloc.o
 .debug_abbrev  0x000014b7      0x122 libscp/src/arch/freertos/csp_queue.o
 .debug_abbrev  0x000015d9      0x131 libscp/src/arch/freertos/csp_semaphore.o
 .debug_abbrev  0x0000170a      0x1a1 libscp/src/arch/freertos/csp_system.o
 .debug_abbrev  0x000018ab       0xe4 libscp/src/arch/freertos/csp_thread.o
 .debug_abbrev  0x0000198f       0x73 libscp/src/arch/freertos/csp_time.o
 .debug_abbrev  0x00001a02       0x26 libscp/src/crypto/csp_hmac.o
 .debug_abbrev  0x00001a28       0x26 libscp/src/crypto/csp_sha1.o
 .debug_abbrev  0x00001a4e       0x26 libscp/src/crypto/csp_xtea.o
 .debug_abbrev  0x00001a74      0x255 libscp/src/csp_buffer.o
 .debug_abbrev  0x00001cc9      0x318 libscp/src/csp_conn.o
 .debug_abbrev  0x00001fe1      0x1c1 libscp/src/csp_crc32.o
 .debug_abbrev  0x000021a2      0x239 libscp/src/csp_debug.o
 .debug_abbrev  0x000023db      0x11f libscp/src/csp_endian.o
 .debug_abbrev  0x000024fa      0x317 libscp/src/csp_io.o
 .debug_abbrev  0x00002811      0x1a6 libscp/src/csp_port.o
 .debug_abbrev  0x000029b7      0x394 libscp/src/csp_route.o
 .debug_abbrev  0x00002d4b      0x25c libscp/src/csp_services.o
 .debug_abbrev  0x00002fa7      0x2d7 libscp/src/csp_service_handler.o
 .debug_abbrev  0x0000327e      0x272 libscp/src/csp_sfp.o
 .debug_abbrev  0x000034f0      0x20a libscp/src/interfaces/csp_if_i2c.o
 .debug_abbrev  0x000036fa      0x17a libscp/src/interfaces/csp_if_lo.o
 .debug_abbrev  0x00003874       0x26 libscp/src/transport/csp_rdp.o
 .debug_abbrev  0x0000389a      0x1a2 libscp/src/transport/csp_udp.o
 .debug_abbrev  0x00003a3c      0x2da main.o
 .debug_abbrev  0x00003d16      0x3ae mainTask.o
 .debug_abbrev  0x000040c4      0x118 MyDrivers/port_driver.o
 .debug_abbrev  0x000041dc      0x176 MyDrivers/TC_driver.o
 .debug_abbrev  0x00004352      0x2a2 MyDrivers/twi_master_driver.o
 .debug_abbrev  0x000045f4      0x204 MyDrivers/twi_slave_driver.o
 .debug_abbrev  0x000047f8      0x30a MyDrivers/usart_driver_RTOS.o
 .debug_abbrev  0x00004b02      0x247 system.o
 .debug_abbrev  0x00004d49      0x278 src/ASF/common/services/clock/xmega/sysclk.o
 .debug_abbrev  0x00004fc1       0x90 src/ASF/common/services/ioport/xmega/ioport_compat.o
 .debug_abbrev  0x00005051      0x3db src/ASF/xmega/drivers/nvm/nvm.o
 .debug_abbrev  0x0000542c       0x12 src/ASF/xmega/drivers/nvm/nvm_asm.o
 .debug_abbrev  0x0000543e       0x14 src/ASF/xmega/drivers/cpu/ccp.o

.debug_line     0x00000000     0x9278
 *(.debug_line .debug_line.* .debug_line_end)
 .debug_line    0x00000000      0x24a cspTask.o
 .debug_line    0x0000024a      0x2a7 csp_interface.o
 .debug_line    0x000004f1      0x167 FreeRTOS/Port/heap_1.o
 .debug_line    0x00000658      0x327 FreeRTOS/Port/port.o
 .debug_line    0x0000097f      0x35c FreeRTOS/Source/croutine.o
 .debug_line    0x00000cdb      0x1a2 FreeRTOS/Source/list.o
 .debug_line    0x00000e7d      0x74f FreeRTOS/Source/queue.o
 .debug_line    0x000015cc      0xc96 FreeRTOS/Source/tasks.o
 .debug_line    0x00002262      0x4fa FreeRTOS/Source/timers.o
 .debug_line    0x0000275c      0x120 libscp/src/arch/freertos/csp_malloc.o
 .debug_line    0x0000287c      0x27f libscp/src/arch/freertos/csp_queue.o
 .debug_line    0x00002afb      0x26c libscp/src/arch/freertos/csp_semaphore.o
 .debug_line    0x00002d67      0x2d5 libscp/src/arch/freertos/csp_system.o
 .debug_line    0x0000303c      0x137 libscp/src/arch/freertos/csp_thread.o
 .debug_line    0x00003173      0x16a libscp/src/arch/freertos/csp_time.o
 .debug_line    0x000032dd       0x1a libscp/src/crypto/csp_hmac.o
 .debug_line    0x000032f7       0x1a libscp/src/crypto/csp_sha1.o
 .debug_line    0x00003311       0x1a libscp/src/crypto/csp_xtea.o
 .debug_line    0x0000332b      0x3e4 libscp/src/csp_buffer.o
 .debug_line    0x0000370f      0x5f0 libscp/src/csp_conn.o
 .debug_line    0x00003cff      0x231 libscp/src/csp_crc32.o
 .debug_line    0x00003f30      0x2c2 libscp/src/csp_debug.o
 .debug_line    0x000041f2      0x428 libscp/src/csp_endian.o
 .debug_line    0x0000461a      0x64d libscp/src/csp_io.o
 .debug_line    0x00004c67      0x2a7 libscp/src/csp_port.o
 .debug_line    0x00004f0e      0x6e4 libscp/src/csp_route.o
 .debug_line    0x000055f2      0x47a libscp/src/csp_services.o
 .debug_line    0x00005a6c      0x4ab libscp/src/csp_service_handler.o
 .debug_line    0x00005f17      0x330 libscp/src/csp_sfp.o
 .debug_line    0x00006247      0x1fb libscp/src/interfaces/csp_if_i2c.o
 .debug_line    0x00006442      0x101 libscp/src/interfaces/csp_if_lo.o
 .debug_line    0x00006543       0x1a libscp/src/transport/csp_rdp.o
 .debug_line    0x0000655d      0x1bd libscp/src/transport/csp_udp.o
 .debug_line    0x0000671a      0x2b7 main.o
 .debug_line    0x000069d1      0x406 mainTask.o
 .debug_line    0x00006dd7      0x1ca MyDrivers/port_driver.o
 .debug_line    0x00006fa1      0x355 MyDrivers/TC_driver.o
 .debug_line    0x000072f6      0x400 MyDrivers/twi_master_driver.o
 .debug_line    0x000076f6      0x3a3 MyDrivers/twi_slave_driver.o
 .debug_line    0x00007a99      0x627 MyDrivers/usart_driver_RTOS.o
 .debug_line    0x000080c0      0x2a6 system.o
 .debug_line    0x00008366      0x353 src/ASF/common/services/clock/xmega/sysclk.o
 .debug_line    0x000086b9      0x166 src/ASF/common/services/ioport/xmega/ioport_compat.o
 .debug_line    0x0000881f      0x8cc src/ASF/xmega/drivers/nvm/nvm.o
 .debug_line    0x000090eb      0x11f src/ASF/xmega/drivers/nvm/nvm_asm.o
 .debug_line    0x0000920a       0x6e src/ASF/xmega/drivers/cpu/ccp.o

.debug_frame    0x00000000     0x2d94
 *(.debug_frame)
 .debug_frame   0x00000000       0x24 cspTask.o
 .debug_frame   0x00000024      0x138 csp_interface.o
 .debug_frame   0x0000015c       0x60 FreeRTOS/Port/heap_1.o
 .debug_frame   0x000001bc       0x64 FreeRTOS/Port/port.o
 .debug_frame   0x00000220       0xc4 FreeRTOS/Source/croutine.o
 .debug_frame   0x000002e4       0x7c FreeRTOS/Source/list.o
 .debug_frame   0x00000360      0x208 FreeRTOS/Source/queue.o
 .debug_frame   0x00000568      0x43c FreeRTOS/Source/tasks.o
 .debug_frame   0x000009a4      0x160 FreeRTOS/Source/timers.o
 .debug_frame   0x00000b04       0x34 libscp/src/arch/freertos/csp_malloc.o
 .debug_frame   0x00000b38       0x94 libscp/src/arch/freertos/csp_queue.o
 .debug_frame   0x00000bcc       0xbc libscp/src/arch/freertos/csp_semaphore.o
 .debug_frame   0x00000c88       0xb8 libscp/src/arch/freertos/csp_system.o
 .debug_frame   0x00000d40       0x48 libscp/src/arch/freertos/csp_thread.o
 .debug_frame   0x00000d88       0x54 libscp/src/arch/freertos/csp_time.o
 .debug_frame   0x00000ddc      0x118 libscp/src/csp_buffer.o
 .debug_frame   0x00000ef4      0x224 libscp/src/csp_conn.o
 .debug_frame   0x00001118       0xa8 libscp/src/csp_crc32.o
 .debug_frame   0x000011c0       0xa4 libscp/src/csp_debug.o
 .debug_frame   0x00001264      0x2a4 libscp/src/csp_endian.o
 .debug_frame   0x00001508      0x2fc libscp/src/csp_io.o
 .debug_frame   0x00001804       0x60 libscp/src/csp_port.o
 .debug_frame   0x00001864      0x1a8 libscp/src/csp_route.o
 .debug_frame   0x00001a0c      0x2e4 libscp/src/csp_services.o
 .debug_frame   0x00001cf0       0x7c libscp/src/csp_service_handler.o
 .debug_frame   0x00001d6c       0xf4 libscp/src/csp_sfp.o
 .debug_frame   0x00001e60       0x98 libscp/src/interfaces/csp_if_i2c.o
 .debug_frame   0x00001ef8       0x24 libscp/src/interfaces/csp_if_lo.o
 .debug_frame   0x00001f1c       0x40 libscp/src/transport/csp_udp.o
 .debug_frame   0x00001f5c       0x58 main.o
 .debug_frame   0x00001fb4      0x188 mainTask.o
 .debug_frame   0x0000213c       0x50 MyDrivers/port_driver.o
 .debug_frame   0x0000218c      0x174 MyDrivers/TC_driver.o
 .debug_frame   0x00002300       0xf0 MyDrivers/twi_master_driver.o
 .debug_frame   0x000023f0       0xc8 MyDrivers/twi_slave_driver.o
 .debug_frame   0x000024b8      0x494 MyDrivers/usart_driver_RTOS.o
 .debug_frame   0x0000294c       0x6c system.o
 .debug_frame   0x000029b8       0x64 src/ASF/common/services/clock/xmega/sysclk.o
 .debug_frame   0x00002a1c       0x30 src/ASF/common/services/ioport/xmega/ioport_compat.o
 .debug_frame   0x00002a4c      0x348 src/ASF/xmega/drivers/nvm/nvm.o

.debug_str      0x00000000     0x59d2
 *(.debug_str)
 .debug_str     0x00000000      0x369 cspTask.o
                                0x3cc (size before relaxing)
 .debug_str     0x00000369      0x4d6 csp_interface.o
                                0x6b5 (size before relaxing)
 .debug_str     0x0000083f       0xbe FreeRTOS/Port/heap_1.o
                                0x22f (size before relaxing)
 .debug_str     0x000008fd      0x634 FreeRTOS/Port/port.o
                                0x7e6 (size before relaxing)
 .debug_str     0x00000f31      0x39e FreeRTOS/Source/croutine.o
                                0x537 (size before relaxing)
 .debug_str     0x000012cf       0x62 FreeRTOS/Source/list.o
                                0x2a2 (size before relaxing)
 .debug_str     0x00001331      0x3e9 FreeRTOS/Source/queue.o
                                0x693 (size before relaxing)
 .debug_str     0x0000171a      0x5d1 FreeRTOS/Source/tasks.o
                                0xace (size before relaxing)
 .debug_str     0x00001ceb      0x336 FreeRTOS/Source/timers.o
                                0x765 (size before relaxing)
 .debug_str     0x00002021       0x3d libscp/src/arch/freertos/csp_malloc.o
                                0x1b7 (size before relaxing)
 .debug_str     0x0000205e       0xe4 libscp/src/arch/freertos/csp_queue.o
                                0x32b (size before relaxing)
 .debug_str     0x00002142      0x103 libscp/src/arch/freertos/csp_semaphore.o
                                0x313 (size before relaxing)
 .debug_str     0x00002245      0x179 libscp/src/arch/freertos/csp_system.o
                                0x33f (size before relaxing)
 .debug_str     0x000023be       0x83 libscp/src/arch/freertos/csp_thread.o
                                0x27c (size before relaxing)
 .debug_str     0x00002441       0x59 libscp/src/arch/freertos/csp_time.o
                                0x204 (size before relaxing)
 .debug_str     0x0000249a       0x20 libscp/src/crypto/csp_hmac.o
                                0x177 (size before relaxing)
 .debug_str     0x000024ba       0x20 libscp/src/crypto/csp_sha1.o
                                0x177 (size before relaxing)
 .debug_str     0x000024da       0x20 libscp/src/crypto/csp_xtea.o
                                0x177 (size before relaxing)
 .debug_str     0x000024fa      0x14a libscp/src/csp_buffer.o
                                0x3db (size before relaxing)
 .debug_str     0x00002644      0x1d0 libscp/src/csp_conn.o
                                0x52d (size before relaxing)
 .debug_str     0x00002814       0x79 libscp/src/csp_crc32.o
                                0x242 (size before relaxing)
 .debug_str     0x0000288d      0x170 libscp/src/csp_debug.o
                                0x3d2 (size before relaxing)
 .debug_str     0x000029fd       0xeb libscp/src/csp_endian.o
                                0x27d (size before relaxing)
 .debug_str     0x00002ae8      0x208 libscp/src/csp_io.o
                                0x5f3 (size before relaxing)
 .debug_str     0x00002cf0       0x77 libscp/src/csp_port.o
                                0x39a (size before relaxing)
 .debug_str     0x00002d67      0x1f4 libscp/src/csp_route.o
                                0x6e7 (size before relaxing)
 .debug_str     0x00002f5b      0x106 libscp/src/csp_services.o
                                0x4c6 (size before relaxing)
 .debug_str     0x00003061       0xab libscp/src/csp_service_handler.o
                                0x5aa (size before relaxing)
 .debug_str     0x0000310c       0x9f libscp/src/csp_sfp.o
                                0x3bc (size before relaxing)
 .debug_str     0x000031ab       0x54 libscp/src/interfaces/csp_if_i2c.o
                                0x38a (size before relaxing)
 .debug_str     0x000031ff       0x2f libscp/src/interfaces/csp_if_lo.o
                                0x2b9 (size before relaxing)
 .debug_str     0x0000322e       0x22 libscp/src/transport/csp_rdp.o
                                0x18c (size before relaxing)
 .debug_str     0x00003250       0x22 libscp/src/transport/csp_udp.o
                                0x31c (size before relaxing)
 .debug_str     0x00003272      0x175 main.o
                                0x537 (size before relaxing)
 .debug_str     0x000033e7      0x15f mainTask.o
                                0x725 (size before relaxing)
 .debug_str     0x00003546      0x312 MyDrivers/port_driver.o
                                0x547 (size before relaxing)
 .debug_str     0x00003858      0x697 MyDrivers/TC_driver.o
                                0xcb9 (size before relaxing)
 .debug_str     0x00003eef      0x2f9 MyDrivers/twi_master_driver.o
                                0x64c (size before relaxing)
 .debug_str     0x000041e8      0x12f MyDrivers/twi_slave_driver.o
                                0x569 (size before relaxing)
 .debug_str     0x00004317      0x420 MyDrivers/usart_driver_RTOS.o
                                0x8d9 (size before relaxing)
 .debug_str     0x00004737      0x525 system.o
                                0xe30 (size before relaxing)
 .debug_str     0x00004c5c      0x3f5 src/ASF/common/services/clock/xmega/sysclk.o
                                0x61e (size before relaxing)
 .debug_str     0x00005051       0x77 src/ASF/common/services/ioport/xmega/ioport_compat.o
                                0x226 (size before relaxing)
 .debug_str     0x000050c8      0x90a src/ASF/xmega/drivers/nvm/nvm.o
                                0xb30 (size before relaxing)

.debug_loc      0x00000000     0xd3cc
 *(.debug_loc)
 .debug_loc     0x00000000       0x6e cspTask.o
 .debug_loc     0x0000006e      0x385 csp_interface.o
 .debug_loc     0x000003f3       0xf1 FreeRTOS/Port/heap_1.o
 .debug_loc     0x000004e4      0x281 FreeRTOS/Port/port.o
 .debug_loc     0x00000765      0x3f9 FreeRTOS/Source/croutine.o